<?xml version="1.0" encoding="ISO-8859-1" ?>
<link_info>
   <banner>TI ARM Linker PC v20.2.7.LTS</banner>
   <copyright>Copyright (c) 1996-2018 Texas Instruments Incorporated</copyright>
   <link_time>0x6417bb1f</link_time>
   <link_errors>0x0</link_errors>
   <output_file>LED Flicker Dustin Haugh.out</output_file>
   <entry_point>
      <name>resetISR</name>
      <address>0x2000ea85</address>
   </entry_point>
   <input_file_list>
      <input_file id="fl-2">
         <path>.\</path>
         <kind>object</kind>
         <file>main_nortos.obj</file>
         <name>main_nortos.obj</name>
      </input_file>
      <input_file id="fl-3">
         <path>.\</path>
         <kind>object</kind>
         <file>pwmled2.obj</file>
         <name>pwmled2.obj</name>
      </input_file>
      <input_file id="fl-4">
         <path>.\syscfg\</path>
         <kind>object</kind>
         <file>ti_drivers_config.obj</file>
         <name>ti_drivers_config.obj</name>
      </input_file>
      <input_file id="fl-d">
         <kind>object</kind>
         <file>&lt;internal&gt;</file>
         <name>&lt;internal&gt;</name>
      </input_file>
      <input_file id="fl-e">
         <path>C:\ti\simplelink_cc32xx_sdk_6_10_00_05\source\ti\drivers\lib\ccs\m4\</path>
         <kind>archive</kind>
         <file>drivers_cc32xx.a</file>
         <name>PWM.oem4</name>
      </input_file>
      <input_file id="fl-f">
         <path>C:\ti\simplelink_cc32xx_sdk_6_10_00_05\source\ti\drivers\lib\ccs\m4\</path>
         <kind>archive</kind>
         <file>drivers_cc32xx.a</file>
         <name>GPIOCC32XX.oem4</name>
      </input_file>
      <input_file id="fl-10">
         <path>C:\ti\simplelink_cc32xx_sdk_6_10_00_05\source\ti\drivers\lib\ccs\m4\</path>
         <kind>archive</kind>
         <file>drivers_cc32xx.a</file>
         <name>PowerCC32XX.oem4</name>
      </input_file>
      <input_file id="fl-11">
         <path>C:\ti\simplelink_cc32xx_sdk_6_10_00_05\source\ti\drivers\lib\ccs\m4\</path>
         <kind>archive</kind>
         <file>drivers_cc32xx.a</file>
         <name>PowerCC32XX_asm.oem4</name>
      </input_file>
      <input_file id="fl-12">
         <path>C:\ti\simplelink_cc32xx_sdk_6_10_00_05\source\ti\drivers\lib\ccs\m4\</path>
         <kind>archive</kind>
         <file>drivers_cc32xx.a</file>
         <name>PWMTimerCC32XX.oem4</name>
      </input_file>
      <input_file id="fl-13">
         <path>C:\ti\simplelink_cc32xx_sdk_6_10_00_05\source\ti\drivers\lib\ccs\m4\</path>
         <kind>archive</kind>
         <file>drivers_cc32xx.a</file>
         <name>TimerCC32XX.oem4</name>
      </input_file>
      <input_file id="fl-14">
         <path>C:\ti\simplelink_cc32xx_sdk_6_10_00_05\source\ti\drivers\lib\ccs\m4\</path>
         <kind>archive</kind>
         <file>drivers_cc32xx.a</file>
         <name>Timer.oem4</name>
      </input_file>
      <input_file id="fl-15">
         <path>C:\ti\simplelink_cc32xx_sdk_6_10_00_05\source\ti\drivers\lib\ccs\m4\</path>
         <kind>archive</kind>
         <file>drivers_cc32xx.a</file>
         <name>List.oem4</name>
      </input_file>
      <input_file id="fl-16">
         <path>C:\ti\simplelink_cc32xx_sdk_6_10_00_05\kernel\nortos\lib\ccs\m4\</path>
         <kind>archive</kind>
         <file>nortos_cc32xx.a</file>
         <name>posix_sleep.oem4</name>
      </input_file>
      <input_file id="fl-17">
         <path>C:\ti\simplelink_cc32xx_sdk_6_10_00_05\kernel\nortos\lib\ccs\m4\</path>
         <kind>archive</kind>
         <file>nortos_cc32xx.a</file>
         <name>NoRTOS.oem4</name>
      </input_file>
      <input_file id="fl-18">
         <path>C:\ti\simplelink_cc32xx_sdk_6_10_00_05\kernel\nortos\lib\ccs\m4\</path>
         <kind>archive</kind>
         <file>nortos_cc32xx.a</file>
         <name>SemaphoreP_nortos.oem4</name>
      </input_file>
      <input_file id="fl-19">
         <path>C:\ti\simplelink_cc32xx_sdk_6_10_00_05\kernel\nortos\lib\ccs\m4\</path>
         <kind>archive</kind>
         <file>nortos_cc32xx.a</file>
         <name>ClockPSysTick_nortos.oem4</name>
      </input_file>
      <input_file id="fl-1a">
         <path>C:\ti\simplelink_cc32xx_sdk_6_10_00_05\kernel\nortos\lib\ccs\m4\</path>
         <kind>archive</kind>
         <file>nortos_cc32xx.a</file>
         <name>HwiPCC32XX_nortos.oem4</name>
      </input_file>
      <input_file id="fl-1b">
         <path>C:\ti\simplelink_cc32xx_sdk_6_10_00_05\kernel\nortos\lib\ccs\m4\</path>
         <kind>archive</kind>
         <file>nortos_cc32xx.a</file>
         <name>PowerCC32XX_nortos.oem4</name>
      </input_file>
      <input_file id="fl-1c">
         <path>C:\ti\simplelink_cc32xx_sdk_6_10_00_05\kernel\nortos\lib\ccs\m4\</path>
         <kind>archive</kind>
         <file>nortos_cc32xx.a</file>
         <name>startup_cc32xx_ccs.oem4</name>
      </input_file>
      <input_file id="fl-1d">
         <path>C:\ti\simplelink_cc32xx_sdk_6_10_00_05\kernel\nortos\lib\ccs\m4\</path>
         <kind>archive</kind>
         <file>nortos_cc32xx.a</file>
         <name>SwiP_nortos.oem4</name>
      </input_file>
      <input_file id="fl-1e">
         <path>C:\ti\simplelink_cc32xx_sdk_6_10_00_05\kernel\nortos\lib\ccs\m4\</path>
         <kind>archive</kind>
         <file>nortos_cc32xx.a</file>
         <name>QueueP_nortos.oem4</name>
      </input_file>
      <input_file id="fl-1f">
         <path>C:\ti\simplelink_cc32xx_sdk_6_10_00_05\source\ti\devices\cc32xx\driverlib\ccs\Release\</path>
         <kind>archive</kind>
         <file>driverlib.a</file>
         <name>cpu.obj</name>
      </input_file>
      <input_file id="fl-20">
         <path>C:\ti\simplelink_cc32xx_sdk_6_10_00_05\source\ti\devices\cc32xx\driverlib\ccs\Release\</path>
         <kind>archive</kind>
         <file>driverlib.a</file>
         <name>interrupt.obj</name>
      </input_file>
      <input_file id="fl-21">
         <path>C:\ti\simplelink_cc32xx_sdk_6_10_00_05\source\ti\devices\cc32xx\driverlib\ccs\Release\</path>
         <kind>archive</kind>
         <file>driverlib.a</file>
         <name>pin.obj</name>
      </input_file>
      <input_file id="fl-22">
         <path>C:\ti\simplelink_cc32xx_sdk_6_10_00_05\source\ti\devices\cc32xx\driverlib\ccs\Release\</path>
         <kind>archive</kind>
         <file>driverlib.a</file>
         <name>prcm.obj</name>
      </input_file>
      <input_file id="fl-23">
         <path>C:\ti\simplelink_cc32xx_sdk_6_10_00_05\source\ti\devices\cc32xx\driverlib\ccs\Release\</path>
         <kind>archive</kind>
         <file>driverlib.a</file>
         <name>timer.obj</name>
      </input_file>
      <input_file id="fl-24">
         <path>C:\ti\simplelink_cc32xx_sdk_6_10_00_05\source\ti\devices\cc32xx\driverlib\ccs\Release\</path>
         <kind>archive</kind>
         <file>driverlib.a</file>
         <name>utils.obj</name>
      </input_file>
      <input_file id="fl-25">
         <path>C:\ti\simplelink_cc32xx_sdk_6_10_00_05\source\ti\devices\cc32xx\driverlib\ccs\Release\</path>
         <kind>archive</kind>
         <file>driverlib.a</file>
         <name>flash.obj</name>
      </input_file>
      <input_file id="fl-db">
         <path>C:\ti\ccs1220\ccs\tools\compiler\ti-cgt-arm_20.2.7.LTS\lib\</path>
         <kind>archive</kind>
         <file>rtsv7M4_T_le_eabi.lib</file>
         <name>ll_mul_t2.asm.obj</name>
      </input_file>
      <input_file id="fl-dc">
         <path>C:\ti\ccs1220\ccs\tools\compiler\ti-cgt-arm_20.2.7.LTS\lib\</path>
         <kind>archive</kind>
         <file>rtsv7M4_T_le_eabi.lib</file>
         <name>memcpy_t2.asm.obj</name>
      </input_file>
      <input_file id="fl-dd">
         <path>C:\ti\ccs1220\ccs\tools\compiler\ti-cgt-arm_20.2.7.LTS\lib\</path>
         <kind>archive</kind>
         <file>rtsv7M4_T_le_eabi.lib</file>
         <name>ull_div_t2.asm.obj</name>
      </input_file>
      <input_file id="fl-de">
         <path>C:\ti\ccs1220\ccs\tools\compiler\ti-cgt-arm_20.2.7.LTS\lib\</path>
         <kind>archive</kind>
         <file>rtsv7M4_T_le_eabi.lib</file>
         <name>copy_zero_init.c.obj</name>
      </input_file>
      <input_file id="fl-df">
         <path>C:\ti\ccs1220\ccs\tools\compiler\ti-cgt-arm_20.2.7.LTS\lib\</path>
         <kind>archive</kind>
         <file>rtsv7M4_T_le_eabi.lib</file>
         <name>copy_decompress_none.c.obj</name>
      </input_file>
      <input_file id="fl-e0">
         <path>C:\ti\ccs1220\ccs\tools\compiler\ti-cgt-arm_20.2.7.LTS\lib\</path>
         <kind>archive</kind>
         <file>rtsv7M4_T_le_eabi.lib</file>
         <name>copy_decompress_lzss.c.obj</name>
      </input_file>
      <input_file id="fl-e1">
         <path>C:\ti\ccs1220\ccs\tools\compiler\ti-cgt-arm_20.2.7.LTS\lib\</path>
         <kind>archive</kind>
         <file>rtsv7M4_T_le_eabi.lib</file>
         <name>memory.c.obj</name>
      </input_file>
      <input_file id="fl-e2">
         <path>C:\ti\ccs1220\ccs\tools\compiler\ti-cgt-arm_20.2.7.LTS\lib\</path>
         <kind>archive</kind>
         <file>rtsv7M4_T_le_eabi.lib</file>
         <name>boot_cortex_m.c.obj</name>
      </input_file>
      <input_file id="fl-e3">
         <path>C:\ti\ccs1220\ccs\tools\compiler\ti-cgt-arm_20.2.7.LTS\lib\</path>
         <kind>archive</kind>
         <file>rtsv7M4_T_le_eabi.lib</file>
         <name>div0.asm.obj</name>
      </input_file>
      <input_file id="fl-e4">
         <path>C:\ti\ccs1220\ccs\tools\compiler\ti-cgt-arm_20.2.7.LTS\lib\</path>
         <kind>archive</kind>
         <file>rtsv7M4_T_le_eabi.lib</file>
         <name>memset_t2.asm.obj</name>
      </input_file>
      <input_file id="fl-e5">
         <path>C:\ti\ccs1220\ccs\tools\compiler\ti-cgt-arm_20.2.7.LTS\lib\</path>
         <kind>archive</kind>
         <file>rtsv7M4_T_le_eabi.lib</file>
         <name>autoinit.c.obj</name>
      </input_file>
      <input_file id="fl-e6">
         <path>C:\ti\ccs1220\ccs\tools\compiler\ti-cgt-arm_20.2.7.LTS\lib\</path>
         <kind>archive</kind>
         <file>rtsv7M4_T_le_eabi.lib</file>
         <name>pre_init.c.obj</name>
      </input_file>
      <input_file id="fl-e7">
         <path>C:\ti\ccs1220\ccs\tools\compiler\ti-cgt-arm_20.2.7.LTS\lib\</path>
         <kind>archive</kind>
         <file>rtsv7M4_T_le_eabi.lib</file>
         <name>cpy_tbl.c.obj</name>
      </input_file>
      <input_file id="fl-e8">
         <path>C:\ti\ccs1220\ccs\tools\compiler\ti-cgt-arm_20.2.7.LTS\lib\</path>
         <kind>archive</kind>
         <file>rtsv7M4_T_le_eabi.lib</file>
         <name>exit.c.obj</name>
      </input_file>
      <input_file id="fl-e9">
         <path>C:\ti\ccs1220\ccs\tools\compiler\ti-cgt-arm_20.2.7.LTS\lib\</path>
         <kind>archive</kind>
         <file>rtsv7M4_T_le_eabi.lib</file>
         <name>_lock.c.obj</name>
      </input_file>
      <input_file id="fl-ea">
         <path>C:\ti\ccs1220\ccs\tools\compiler\ti-cgt-arm_20.2.7.LTS\lib\</path>
         <kind>archive</kind>
         <file>rtsv7M4_T_le_eabi.lib</file>
         <name>args_main.c.obj</name>
      </input_file>
   </input_file_list>
   <object_component_list>
      <object_component id="oc-1af">
         <name>.text:PRCMCC3200MCUInit</name>
         <load_address>0x2000c040</load_address>
         <run_address>0x2000c040</run_address>
         <size>0x42c</size>
         <input_file_ref idref="fl-22"/>
      </object_component>
      <object_component id="oc-338">
         <name>.text:PowerCC32XX_sleepPolicy</name>
         <load_address>0x2000c46c</load_address>
         <run_address>0x2000c46c</run_address>
         <size>0x1a0</size>
         <input_file_ref idref="fl-1b"/>
      </object_component>
      <object_component id="oc-2a9">
         <name>.text:GPIO_setConfig</name>
         <load_address>0x2000c60c</load_address>
         <run_address>0x2000c60c</run_address>
         <size>0x154</size>
         <input_file_ref idref="fl-f"/>
      </object_component>
      <object_component id="oc-531">
         <name>.text:parkPins</name>
         <load_address>0x2000c760</load_address>
         <run_address>0x2000c760</run_address>
         <size>0x148</size>
         <input_file_ref idref="fl-10"/>
      </object_component>
      <object_component id="oc-4f7">
         <name>.text:PWMTimerCC32XX_setDutyAndPeriod</name>
         <load_address>0x2000c8a8</load_address>
         <run_address>0x2000c8a8</run_address>
         <size>0x140</size>
         <input_file_ref idref="fl-12"/>
      </object_component>
      <object_component id="oc-461">
         <name>.text:Power_sleep</name>
         <load_address>0x2000c9e8</load_address>
         <run_address>0x2000c9e8</run_address>
         <size>0x138</size>
         <input_file_ref idref="fl-10"/>
      </object_component>
      <object_component id="oc-576">
         <name>.text:aligned_alloc</name>
         <load_address>0x2000cb20</load_address>
         <run_address>0x2000cb20</run_address>
         <size>0x100</size>
         <input_file_ref idref="fl-e1"/>
      </object_component>
      <object_component id="oc-4e5">
         <name>.text:PWMTimerCC32XX_open</name>
         <load_address>0x2000cc20</load_address>
         <run_address>0x2000cc20</run_address>
         <size>0xf0</size>
         <input_file_ref idref="fl-12"/>
      </object_component>
      <object_component id="oc-354">
         <name>.text:free</name>
         <load_address>0x2000cd10</load_address>
         <run_address>0x2000cd10</run_address>
         <size>0xe4</size>
         <input_file_ref idref="fl-e1"/>
      </object_component>
      <object_component id="oc-503">
         <name>.text:PWMTimerCC32XX_stop</name>
         <load_address>0x2000cdf4</load_address>
         <run_address>0x2000cdf4</run_address>
         <size>0xc4</size>
         <input_file_ref idref="fl-12"/>
      </object_component>
      <object_component id="oc-54e">
         <name>.text:restoreParkedPins</name>
         <load_address>0x2000ceb8</load_address>
         <run_address>0x2000ceb8</run_address>
         <size>0xc0</size>
         <input_file_ref idref="fl-10"/>
      </object_component>
      <object_component id="oc-4eb">
         <name>.text:PWMTimerCC32XX_setDuty</name>
         <load_address>0x2000cf78</load_address>
         <run_address>0x2000cf78</run_address>
         <size>0xb8</size>
         <input_file_ref idref="fl-12"/>
      </object_component>
      <object_component id="oc-b5">
         <name>.text:IntEnable</name>
         <load_address>0x2000d030</load_address>
         <run_address>0x2000d030</run_address>
         <size>0xa8</size>
         <input_file_ref idref="fl-20"/>
      </object_component>
      <object_component id="oc-27e">
         <name>.text:PowerCC32XX_configureWakeup</name>
         <load_address>0x2000d0d8</load_address>
         <run_address>0x2000d0d8</run_address>
         <size>0xa8</size>
         <input_file_ref idref="fl-10"/>
      </object_component>
      <object_component id="oc-5bd">
         <name>.text:initHw</name>
         <load_address>0x2000d180</load_address>
         <run_address>0x2000d180</run_address>
         <size>0xa4</size>
         <input_file_ref idref="fl-12"/>
      </object_component>
      <object_component id="oc-2a3">
         <name>.text:SemaphoreP_pend</name>
         <load_address>0x2000d224</load_address>
         <run_address>0x2000d224</run_address>
         <size>0xa0</size>
         <input_file_ref idref="fl-18"/>
      </object_component>
      <object_component id="oc-3b">
         <name>.text</name>
         <load_address>0x2000d2c4</load_address>
         <run_address>0x2000d2c4</run_address>
         <size>0x9c</size>
         <input_file_ref idref="fl-dc"/>
      </object_component>
      <object_component id="oc-4f1">
         <name>.text:PWMTimerCC32XX_setPeriod</name>
         <load_address>0x2000d360</load_address>
         <run_address>0x2000d360</run_address>
         <size>0x98</size>
         <input_file_ref idref="fl-12"/>
      </object_component>
      <object_component id="oc-45c">
         <name>.text</name>
         <load_address>0x2000d3f8</load_address>
         <run_address>0x2000d3f8</run_address>
         <size>0x96</size>
         <input_file_ref idref="fl-dd"/>
      </object_component>
      <object_component id="oc-1c1">
         <name>.text:Board_initHook</name>
         <load_address>0x2000d48e</load_address>
         <run_address>0x2000d48e</run_address>
         <size>0x2</size>
         <input_file_ref idref="fl-4"/>
      </object_component>
      <object_component id="oc-1bb">
         <name>.text:GPIO_init</name>
         <load_address>0x2000d490</load_address>
         <run_address>0x2000d490</run_address>
         <size>0x90</size>
         <input_file_ref idref="fl-f"/>
      </object_component>
      <object_component id="oc-542">
         <name>.text:restoreNVICRegs</name>
         <load_address>0x2000d520</load_address>
         <run_address>0x2000d520</run_address>
         <size>0x90</size>
         <input_file_ref idref="fl-10"/>
      </object_component>
      <object_component id="oc-4b8">
         <name>.text:HwiP_construct</name>
         <load_address>0x2000d5b0</load_address>
         <run_address>0x2000d5b0</run_address>
         <size>0x8c</size>
         <input_file_ref idref="fl-1a"/>
      </object_component>
      <object_component id="oc-629">
         <name>.text:IntPendSet</name>
         <load_address>0x2000d63c</load_address>
         <run_address>0x2000d63c</run_address>
         <size>0x88</size>
         <input_file_ref idref="fl-20"/>
      </object_component>
      <object_component id="oc-4d3">
         <name>.text:PWMTimerCC32XX_close</name>
         <load_address>0x2000d6c4</load_address>
         <run_address>0x2000d6c4</run_address>
         <size>0x88</size>
         <input_file_ref idref="fl-12"/>
      </object_component>
      <object_component id="oc-383">
         <name>.text:PinConfigSet</name>
         <load_address>0x2000d74c</load_address>
         <run_address>0x2000d74c</run_address>
         <size>0x88</size>
         <input_file_ref idref="fl-21"/>
      </object_component>
      <object_component id="oc-1b5">
         <name>.text:Power_init</name>
         <load_address>0x2000d7d4</load_address>
         <run_address>0x2000d7d4</run_address>
         <size>0x84</size>
         <input_file_ref idref="fl-10"/>
      </object_component>
      <object_component id="oc-537">
         <name>.text:saveNVICRegs</name>
         <load_address>0x2000d858</load_address>
         <run_address>0x2000d858</run_address>
         <size>0x84</size>
         <input_file_ref idref="fl-10"/>
      </object_component>
      <object_component id="oc-389">
         <name>.text:Power_setDependency</name>
         <load_address>0x2000d8dc</load_address>
         <run_address>0x2000d8dc</run_address>
         <size>0x80</size>
         <input_file_ref idref="fl-10"/>
      </object_component>
      <object_component id="oc-163">
         <name>.text:mainThread</name>
         <load_address>0x2000d95c</load_address>
         <run_address>0x2000d95c</run_address>
         <size>0x80</size>
         <input_file_ref idref="fl-3"/>
      </object_component>
      <object_component id="oc-2c8">
         <name>.text:powerNotifyFxn</name>
         <load_address>0x2000d9dc</load_address>
         <run_address>0x2000d9dc</run_address>
         <size>0x74</size>
         <input_file_ref idref="fl-f"/>
      </object_component>
      <object_component id="oc-63a">
         <name>.text:split</name>
         <load_address>0x2000da50</load_address>
         <run_address>0x2000da50</run_address>
         <size>0x70</size>
         <input_file_ref idref="fl-e1"/>
      </object_component>
      <object_component id="oc-4fd">
         <name>.text:PWMTimerCC32XX_start</name>
         <load_address>0x2000dac0</load_address>
         <run_address>0x2000dac0</run_address>
         <size>0x68</size>
         <input_file_ref idref="fl-12"/>
      </object_component>
      <object_component id="oc-14">
         <name>.text:decompress:lzss:__TI_decompress_lzss</name>
         <load_address>0x2000db28</load_address>
         <run_address>0x2000db28</run_address>
         <size>0x68</size>
         <input_file_ref idref="fl-e0"/>
      </object_component>
      <object_component id="oc-39b">
         <name>.text:GPIO_setInterruptConfig</name>
         <load_address>0x2000db90</load_address>
         <run_address>0x2000db90</run_address>
         <size>0x64</size>
         <input_file_ref idref="fl-f"/>
      </object_component>
      <object_component id="oc-3d5">
         <name>.text:PowerCC32XX_setParkState</name>
         <load_address>0x2000dbf4</load_address>
         <run_address>0x2000dbf4</run_address>
         <size>0x64</size>
         <input_file_ref idref="fl-10"/>
      </object_component>
      <object_component id="oc-3aa">
         <name>.text:GPIO_hwiIntFxn</name>
         <load_address>0x2000dc58</load_address>
         <run_address>0x2000dc58</run_address>
         <size>0x60</size>
         <input_file_ref idref="fl-f"/>
      </object_component>
      <object_component id="oc-24c">
         <name>.text:PRCMSysResetCauseGet</name>
         <load_address>0x2000dcb8</load_address>
         <run_address>0x2000dcb8</run_address>
         <size>0x60</size>
         <input_file_ref idref="fl-22"/>
      </object_component>
      <object_component id="oc-2e4">
         <name>.text:getTimeUsec</name>
         <load_address>0x2000dd18</load_address>
         <run_address>0x2000dd18</run_address>
         <size>0x60</size>
         <input_file_ref idref="fl-19"/>
      </object_component>
      <object_component id="oc-3e9">
         <name>.text:sysTickInit</name>
         <load_address>0x2000dd78</load_address>
         <run_address>0x2000dd78</run_address>
         <size>0x5c</size>
         <input_file_ref idref="fl-19"/>
      </object_component>
      <object_component id="oc-265">
         <name>.text:PRCMPeripheralReset</name>
         <load_address>0x2000ddd4</load_address>
         <run_address>0x2000ddd4</run_address>
         <size>0x58</size>
         <input_file_ref idref="fl-22"/>
      </object_component>
      <object_component id="oc-59c">
         <name>.text:Power_releaseDependency</name>
         <load_address>0x2000de2c</load_address>
         <run_address>0x2000de2c</run_address>
         <size>0x58</size>
         <input_file_ref idref="fl-10"/>
      </object_component>
      <object_component id="oc-606">
         <name>.text:PowerCC32XX_resumeLPDS</name>
         <load_address>0x2000de84</load_address>
         <run_address>0x2000de84</run_address>
         <size>0x52</size>
         <input_file_ref idref="fl-11"/>
      </object_component>
      <object_component id="oc-4df">
         <name>.text:PWMTimerCC32XX_init</name>
         <load_address>0x2000ded6</load_address>
         <run_address>0x2000ded6</run_address>
         <size>0x2</size>
         <input_file_ref idref="fl-12"/>
      </object_component>
      <object_component id="oc-79">
         <name>.text:ClockP_sysTickHandler</name>
         <load_address>0x2000ded8</load_address>
         <run_address>0x2000ded8</run_address>
         <size>0x50</size>
         <input_file_ref idref="fl-19"/>
      </object_component>
      <object_component id="oc-3f9">
         <name>.text:SemaphoreP_construct</name>
         <load_address>0x2000df28</load_address>
         <run_address>0x2000df28</run_address>
         <size>0x50</size>
         <input_file_ref idref="fl-18"/>
      </object_component>
      <object_component id="oc-5b7">
         <name>.text:TimerCC32XX_allocateTimerResource</name>
         <load_address>0x2000df78</load_address>
         <run_address>0x2000df78</run_address>
         <size>0x50</size>
         <input_file_ref idref="fl-13"/>
      </object_component>
      <object_component id="oc-5fd">
         <name>.text:PowerCC32XX_parkPin</name>
         <load_address>0x2000dfc8</load_address>
         <run_address>0x2000dfc8</run_address>
         <size>0x4c</size>
         <input_file_ref idref="fl-10"/>
      </object_component>
      <object_component id="oc-5ca">
         <name>.text:getDutyCounts</name>
         <load_address>0x2000e014</load_address>
         <run_address>0x2000e014</run_address>
         <size>0x4c</size>
         <input_file_ref idref="fl-12"/>
      </object_component>
      <object_component id="oc-5d4">
         <name>.text:getPeriodCounts</name>
         <load_address>0x2000e060</load_address>
         <run_address>0x2000e060</run_address>
         <size>0x4c</size>
         <input_file_ref idref="fl-12"/>
      </object_component>
      <object_component id="oc-548">
         <name>.text:restorePeriphClocks</name>
         <load_address>0x2000e0ac</load_address>
         <run_address>0x2000e0ac</run_address>
         <size>0x4c</size>
         <input_file_ref idref="fl-10"/>
      </object_component>
      <object_component id="oc-1e7">
         <name>.text:ClockP_usleep</name>
         <load_address>0x2000e0f8</load_address>
         <run_address>0x2000e0f8</run_address>
         <size>0x48</size>
         <input_file_ref idref="fl-19"/>
      </object_component>
      <object_component id="oc-621">
         <name>.text:FlashDisable</name>
         <load_address>0x2000e140</load_address>
         <run_address>0x2000e140</run_address>
         <size>0x48</size>
         <input_file_ref idref="fl-25"/>
      </object_component>
      <object_component id="oc-4bf">
         <name>.text:GPIO_disableInt</name>
         <load_address>0x2000e188</load_address>
         <run_address>0x2000e188</run_address>
         <size>0x48</size>
         <input_file_ref idref="fl-f"/>
      </object_component>
      <object_component id="oc-3a1">
         <name>.text:GPIO_enableInt</name>
         <load_address>0x2000e1d0</load_address>
         <run_address>0x2000e1d0</run_address>
         <size>0x48</size>
         <input_file_ref idref="fl-f"/>
      </object_component>
      <object_component id="oc-554">
         <name>.text:PRCMLPDSEnter</name>
         <load_address>0x2000e218</load_address>
         <run_address>0x2000e218</run_address>
         <size>0x48</size>
         <input_file_ref idref="fl-22"/>
      </object_component>
      <object_component id="oc-25f">
         <name>.text:PRCMPeripheralClkEnable</name>
         <load_address>0x2000e260</load_address>
         <run_address>0x2000e260</run_address>
         <size>0x48</size>
         <input_file_ref idref="fl-22"/>
      </object_component>
      <object_component id="oc-5e3">
         <name>.text:Power_releaseConstraint</name>
         <load_address>0x2000e2a8</load_address>
         <run_address>0x2000e2a8</run_address>
         <size>0x48</size>
         <input_file_ref idref="fl-10"/>
      </object_component>
      <object_component id="oc-4a8">
         <name>.text:ClockP_stop</name>
         <load_address>0x2000e2f0</load_address>
         <run_address>0x2000e2f0</run_address>
         <size>0x44</size>
         <input_file_ref idref="fl-19"/>
      </object_component>
      <object_component id="oc-60b">
         <name>.text:PRCMLPDSRestoreInfoSet</name>
         <load_address>0x2000e334</load_address>
         <run_address>0x2000e334</run_address>
         <size>0x44</size>
         <input_file_ref idref="fl-22"/>
      </object_component>
      <object_component id="oc-1c9">
         <name>.text:PWM_init</name>
         <load_address>0x2000e378</load_address>
         <run_address>0x2000e378</run_address>
         <size>0x44</size>
         <input_file_ref idref="fl-e"/>
      </object_component>
      <object_component id="oc-53d">
         <name>.text:PowerCC32XX_enterLPDS</name>
         <load_address>0x2000e3bc</load_address>
         <run_address>0x2000e3bc</run_address>
         <size>0x44</size>
         <input_file_ref idref="fl-11"/>
      </object_component>
      <object_component id="oc-2b5">
         <name>.text:SemaphoreP_post</name>
         <load_address>0x2000e400</load_address>
         <run_address>0x2000e400</run_address>
         <size>0x44</size>
         <input_file_ref idref="fl-18"/>
      </object_component>
      <object_component id="oc-473">
         <name>.text:SwiP_restore</name>
         <load_address>0x2000e444</load_address>
         <run_address>0x2000e444</run_address>
         <size>0x44</size>
         <input_file_ref idref="fl-1d"/>
      </object_component>
      <object_component id="oc-176">
         <name>.text:__TI_auto_init_nobinit_nopinit:__TI_auto_init_nobinit_nopinit</name>
         <load_address>0x2000e488</load_address>
         <run_address>0x2000e488</run_address>
         <size>0x44</size>
         <input_file_ref idref="fl-e5"/>
      </object_component>
      <object_component id="oc-1d5">
         <name>.text:PWM_open</name>
         <load_address>0x2000e4cc</load_address>
         <run_address>0x2000e4cc</run_address>
         <size>0x40</size>
         <input_file_ref idref="fl-e"/>
      </object_component>
      <object_component id="oc-277">
         <name>.text:PinModeSet</name>
         <load_address>0x2000e50c</load_address>
         <run_address>0x2000e50c</run_address>
         <size>0x40</size>
         <input_file_ref idref="fl-21"/>
      </object_component>
      <object_component id="oc-373">
         <name>.text:ClockP_destruct</name>
         <load_address>0x2000e54c</load_address>
         <run_address>0x2000e54c</run_address>
         <size>0x3c</size>
         <input_file_ref idref="fl-19"/>
      </object_component>
      <object_component id="oc-5dc">
         <name>.text:Power_setConstraint</name>
         <load_address>0x2000e588</load_address>
         <run_address>0x2000e588</run_address>
         <size>0x3c</size>
         <input_file_ref idref="fl-10"/>
      </object_component>
      <object_component id="oc-456">
         <name>.text:getCountsRTC</name>
         <load_address>0x2000e5c4</load_address>
         <run_address>0x2000e5c4</run_address>
         <size>0x3a</size>
         <input_file_ref idref="fl-1b"/>
      </object_component>
      <object_component id="oc-596">
         <name>.text:getPowerMgrId</name>
         <load_address>0x2000e5fe</load_address>
         <run_address>0x2000e5fe</run_address>
         <size>0x3a</size>
         <input_file_ref idref="fl-12"/>
      </object_component>
      <object_component id="oc-55a">
         <name>.text:PRCMLPDSEnterKeepDebugIf</name>
         <load_address>0x2000e638</load_address>
         <run_address>0x2000e638</run_address>
         <size>0x38</size>
         <input_file_ref idref="fl-22"/>
      </object_component>
      <object_component id="oc-db">
         <name>.text:addToList</name>
         <load_address>0x2000e670</load_address>
         <run_address>0x2000e670</run_address>
         <size>0x38</size>
         <input_file_ref idref="fl-19"/>
      </object_component>
      <object_component id="oc-59">
         <name>.text:initVectors</name>
         <load_address>0x2000e6a8</load_address>
         <run_address>0x2000e6a8</run_address>
         <size>0x38</size>
         <input_file_ref idref="fl-1c"/>
      </object_component>
      <object_component id="oc-52b">
         <name>.text:notify</name>
         <load_address>0x2000e6e0</load_address>
         <run_address>0x2000e6e0</run_address>
         <size>0x38</size>
         <input_file_ref idref="fl-10"/>
      </object_component>
      <object_component id="oc-444">
         <name>.text:ClockP_getTicksUntilInterrupt</name>
         <load_address>0x2000e718</load_address>
         <run_address>0x2000e718</run_address>
         <size>0x34</size>
         <input_file_ref idref="fl-19"/>
      </object_component>
      <object_component id="oc-2de">
         <name>.text:ClockP_startup</name>
         <load_address>0x2000e74c</load_address>
         <run_address>0x2000e74c</run_address>
         <size>0x34</size>
         <input_file_ref idref="fl-19"/>
      </object_component>
      <object_component id="oc-271">
         <name>.text:PinModeGet</name>
         <load_address>0x2000e780</load_address>
         <run_address>0x2000e780</run_address>
         <size>0x34</size>
         <input_file_ref idref="fl-21"/>
      </object_component>
      <object_component id="oc-590">
         <name>.text:TimerCC32XX_freeTimerResource</name>
         <load_address>0x2000e7b4</load_address>
         <run_address>0x2000e7b4</run_address>
         <size>0x34</size>
         <input_file_ref idref="fl-13"/>
      </object_component>
      <object_component id="oc-646">
         <name>.text:getPowerMgrId</name>
         <load_address>0x2000e7e8</load_address>
         <run_address>0x2000e7e8</run_address>
         <size>0x34</size>
         <input_file_ref idref="fl-13"/>
      </object_component>
      <object_component id="oc-361">
         <name>.text:ClockP_start</name>
         <load_address>0x2000e81c</load_address>
         <run_address>0x2000e81c</run_address>
         <size>0x30</size>
         <input_file_ref idref="fl-19"/>
      </object_component>
      <object_component id="oc-61a">
         <name>.text:PowerCC32XX_restoreParkedPin</name>
         <load_address>0x2000e84c</load_address>
         <run_address>0x2000e84c</run_address>
         <size>0x30</size>
         <input_file_ref idref="fl-10"/>
      </object_component>
      <object_component id="oc-395">
         <name>.text:HwiP_create</name>
         <load_address>0x2000e87c</load_address>
         <run_address>0x2000e87c</run_address>
         <size>0x2a</size>
         <input_file_ref idref="fl-1a"/>
      </object_component>
      <object_component id="oc-332">
         <name>.text:PowerCC32XX_initPolicy</name>
         <load_address>0x2000e8a6</load_address>
         <run_address>0x2000e8a6</run_address>
         <size>0x2</size>
         <input_file_ref idref="fl-1b"/>
      </object_component>
      <object_component id="oc-26b">
         <name>.text:PRCMPeripheralClkDisable</name>
         <load_address>0x2000e8a8</load_address>
         <run_address>0x2000e8a8</run_address>
         <size>0x28</size>
         <input_file_ref idref="fl-22"/>
      </object_component>
      <object_component id="oc-2af">
         <name>.text:Power_registerNotify</name>
         <load_address>0x2000e8d0</load_address>
         <run_address>0x2000e8d0</run_address>
         <size>0x28</size>
         <input_file_ref idref="fl-10"/>
      </object_component>
      <object_component id="oc-4a0">
         <name>.text:free_list_insert</name>
         <load_address>0x2000e8f8</load_address>
         <run_address>0x2000e8f8</run_address>
         <size>0x28</size>
         <input_file_ref idref="fl-e1"/>
      </object_component>
      <object_component id="oc-3b4">
         <name>.text:List_put</name>
         <load_address>0x2000e920</load_address>
         <run_address>0x2000e920</run_address>
         <size>0x26</size>
         <input_file_ref idref="fl-15"/>
      </object_component>
      <object_component id="oc-653">
         <name>.text:List_remove</name>
         <load_address>0x2000e946</load_address>
         <run_address>0x2000e946</run_address>
         <size>0x26</size>
         <input_file_ref idref="fl-15"/>
      </object_component>
      <object_component id="oc-586">
         <name>.text:HwiP_dispatch</name>
         <load_address>0x2000e96c</load_address>
         <run_address>0x2000e96c</run_address>
         <size>0x24</size>
         <input_file_ref idref="fl-1a"/>
      </object_component>
      <object_component id="oc-c5">
         <name>.text:_c_int00_noargs:_c_int00_noargs</name>
         <load_address>0x2000e990</load_address>
         <run_address>0x2000e990</run_address>
         <size>0x24</size>
         <input_file_ref idref="fl-e2"/>
      </object_component>
      <object_component id="oc-2ea">
         <name>.text:sleepTicks</name>
         <load_address>0x2000e9b4</load_address>
         <run_address>0x2000e9b4</run_address>
         <size>0x24</size>
         <input_file_ref idref="fl-19"/>
      </object_component>
      <object_component id="oc-5a2">
         <name>.text:Power_unregisterNotify</name>
         <load_address>0x2000e9d8</load_address>
         <run_address>0x2000e9d8</run_address>
         <size>0x20</size>
         <input_file_ref idref="fl-10"/>
      </object_component>
      <object_component id="oc-5a8">
         <name>.text:PinToPadGet</name>
         <load_address>0x2000e9f8</load_address>
         <run_address>0x2000e9f8</run_address>
         <size>0x1c</size>
         <input_file_ref idref="fl-21"/>
      </object_component>
      <object_component id="oc-438">
         <name>.text:SwiP_disable</name>
         <load_address>0x2000ea14</load_address>
         <run_address>0x2000ea14</run_address>
         <size>0x1c</size>
         <input_file_ref idref="fl-1d"/>
      </object_component>
      <object_component id="oc-47">
         <name>.text:decompress:ZI:__TI_zero_init_nomemset:__TI_zero_init_nomemset</name>
         <load_address>0x2000ea30</load_address>
         <run_address>0x2000ea30</run_address>
         <size>0x1c</size>
         <input_file_ref idref="fl-de"/>
      </object_component>
      <object_component id="oc-49a">
         <name>.text:free_list_remove</name>
         <load_address>0x2000ea4c</load_address>
         <run_address>0x2000ea4c</run_address>
         <size>0x1c</size>
         <input_file_ref idref="fl-e1"/>
      </object_component>
      <object_component id="oc-28b">
         <name>.text:SemaphoreP_createBinary</name>
         <load_address>0x2000ea68</load_address>
         <run_address>0x2000ea68</run_address>
         <size>0x1a</size>
         <input_file_ref idref="fl-18"/>
      </object_component>
      <object_component id="oc-3ff">
         <name>.text:SemaphoreP_destruct</name>
         <load_address>0x2000ea82</load_address>
         <run_address>0x2000ea82</run_address>
         <size>0x2</size>
         <input_file_ref idref="fl-18"/>
      </object_component>
      <object_component id="oc-21">
         <name>.text:resetISR</name>
         <load_address>0x2000ea84</load_address>
         <run_address>0x2000ea84</run_address>
         <size>0x1a</size>
         <input_file_ref idref="fl-1c"/>
      </object_component>
      <object_component id="oc-2fd">
         <name>.text:_nop</name>
         <load_address>0x2000ea9e</load_address>
         <run_address>0x2000ea9e</run_address>
         <size>0x2</size>
         <input_file_ref idref="fl-e9"/>
      </object_component>
      <object_component id="oc-44a">
         <name>.text:Power_getTransitionLatency</name>
         <load_address>0x2000eaa0</load_address>
         <run_address>0x2000eaa0</run_address>
         <size>0x18</size>
         <input_file_ref idref="fl-10"/>
      </object_component>
      <object_component id="oc-56e">
         <name>.text:Power_idleFunc</name>
         <load_address>0x2000eab8</load_address>
         <run_address>0x2000eab8</run_address>
         <size>0x18</size>
         <input_file_ref idref="fl-10"/>
      </object_component>
      <object_component id="oc-3f3">
         <name>.text</name>
         <load_address>0x2000ead0</load_address>
         <run_address>0x2000ead0</run_address>
         <size>0x18</size>
         <input_file_ref idref="fl-db"/>
      </object_component>
      <object_component id="oc-259">
         <name>.text:PRCMHIBRegRead</name>
         <load_address>0x2000eae8</load_address>
         <run_address>0x2000eae8</run_address>
         <size>0x16</size>
         <input_file_ref idref="fl-22"/>
      </object_component>
      <object_component id="oc-253">
         <name>.text:PRCMHIBRegWrite</name>
         <load_address>0x2000eafe</load_address>
         <run_address>0x2000eafe</run_address>
         <size>0x16</size>
         <input_file_ref idref="fl-22"/>
      </object_component>
      <object_component id="oc-349">
         <name>.text:SemaphoreP_create</name>
         <load_address>0x2000eb14</load_address>
         <run_address>0x2000eb14</run_address>
         <size>0x16</size>
         <input_file_ref idref="fl-18"/>
      </object_component>
      <object_component id="oc-157">
         <name>.text:Board_init</name>
         <load_address>0x2000eb2a</load_address>
         <run_address>0x2000eb2a</run_address>
         <size>0x14</size>
         <input_file_ref idref="fl-4"/>
      </object_component>
      <object_component id="oc-a3">
         <name>.text:CPUcpsid</name>
         <load_address>0x2000eb3e</load_address>
         <run_address>0x2000eb3e</run_address>
         <size>0x14</size>
         <input_file_ref idref="fl-1f"/>
      </object_component>
      <object_component id="oc-73">
         <name>.text:busFaultHandler</name>
         <load_address>0x2000eb52</load_address>
         <run_address>0x2000eb52</run_address>
         <size>0x2</size>
         <input_file_ref idref="fl-1c"/>
      </object_component>
      <object_component id="oc-3bb">
         <name>.text:HwiP_inISR</name>
         <load_address>0x2000eb54</load_address>
         <run_address>0x2000eb54</run_address>
         <size>0x14</size>
         <input_file_ref idref="fl-1a"/>
      </object_component>
      <object_component id="oc-af">
         <name>.text:IntVTableBaseSet</name>
         <load_address>0x2000eb68</load_address>
         <run_address>0x2000eb68</run_address>
         <size>0x14</size>
         <input_file_ref idref="fl-20"/>
      </object_component>
      <object_component id="oc-1cf">
         <name>.text:PWM_Params_init</name>
         <load_address>0x2000eb7c</load_address>
         <run_address>0x2000eb7c</run_address>
         <size>0x14</size>
         <input_file_ref idref="fl-e"/>
      </object_component>
      <object_component id="oc-3c1">
         <name>.text:Power_disablePolicy</name>
         <load_address>0x2000eb90</load_address>
         <run_address>0x2000eb90</run_address>
         <size>0x14</size>
         <input_file_ref idref="fl-10"/>
      </object_component>
      <object_component id="oc-613">
         <name>.text:Power_getDependencyCount</name>
         <load_address>0x2000eba4</load_address>
         <run_address>0x2000eba4</run_address>
         <size>0x14</size>
         <input_file_ref idref="fl-10"/>
      </object_component>
      <object_component id="oc-38f">
         <name>.text:HwiP_Params_init</name>
         <load_address>0x2000ebb8</load_address>
         <run_address>0x2000ebb8</run_address>
         <size>0x12</size>
         <input_file_ref idref="fl-1a"/>
      </object_component>
      <object_component id="oc-11f">
         <name>.text:main</name>
         <load_address>0x2000ebca</load_address>
         <run_address>0x2000ebca</run_address>
         <size>0x12</size>
         <input_file_ref idref="fl-2"/>
      </object_component>
      <object_component id="oc-5c3">
         <name>.text:postNotifyFxn</name>
         <load_address>0x2000ebdc</load_address>
         <run_address>0x2000ebdc</run_address>
         <size>0x12</size>
         <input_file_ref idref="fl-12"/>
      </object_component>
      <object_component id="oc-35b">
         <name>.text:ClockP_add</name>
         <load_address>0x2000ebee</load_address>
         <run_address>0x2000ebee</run_address>
         <size>0x10</size>
         <input_file_ref idref="fl-19"/>
      </object_component>
      <object_component id="oc-379">
         <name>.text:clkFxn</name>
         <load_address>0x2000ebfe</load_address>
         <run_address>0x2000ebfe</run_address>
         <size>0x2</size>
         <input_file_ref idref="fl-18"/>
      </object_component>
      <object_component id="oc-432">
         <name>.text:ClockP_getCpuFreq</name>
         <load_address>0x2000ec00</load_address>
         <run_address>0x2000ec00</run_address>
         <size>0x10</size>
         <input_file_ref idref="fl-19"/>
      </object_component>
      <object_component id="oc-450">
         <name>.text:ClockP_getSystemTicks</name>
         <load_address>0x2000ec10</load_address>
         <run_address>0x2000ec10</run_address>
         <size>0x10</size>
         <input_file_ref idref="fl-19"/>
      </object_component>
      <object_component id="oc-467">
         <name>.text:ClockP_setTicks</name>
         <load_address>0x2000ec20</load_address>
         <run_address>0x2000ec20</run_address>
         <size>0x10</size>
         <input_file_ref idref="fl-19"/>
      </object_component>
      <object_component id="oc-297">
         <name>.text:HwiP_restore</name>
         <load_address>0x2000ec30</load_address>
         <run_address>0x2000ec30</run_address>
         <size>0x10</size>
         <input_file_ref idref="fl-1a"/>
      </object_component>
      <object_component id="oc-367">
         <name>.text:Power_enablePolicy</name>
         <load_address>0x2000ec40</load_address>
         <run_address>0x2000ec40</run_address>
         <size>0x10</size>
         <input_file_ref idref="fl-10"/>
      </object_component>
      <object_component id="oc-343">
         <name>.text:SemaphoreP_Params_init</name>
         <load_address>0x2000ec50</load_address>
         <run_address>0x2000ec50</run_address>
         <size>0x10</size>
         <input_file_ref idref="fl-18"/>
      </object_component>
      <object_component id="oc-291">
         <name>.text:HwiP_disable</name>
         <load_address>0x2000ec60</load_address>
         <run_address>0x2000ec60</run_address>
         <size>0xe</size>
         <input_file_ref idref="fl-1a"/>
      </object_component>
      <object_component id="oc-15d">
         <name>.text:HwiP_enable</name>
         <load_address>0x2000ec6e</load_address>
         <run_address>0x2000ec6e</run_address>
         <size>0xe</size>
         <input_file_ref idref="fl-1a"/>
      </object_component>
      <object_component id="oc-1a">
         <name>.text:decompress:none:__TI_decompress_none</name>
         <load_address>0x2000ec7c</load_address>
         <run_address>0x2000ec7c</run_address>
         <size>0xe</size>
         <input_file_ref idref="fl-df"/>
      </object_component>
      <object_component id="oc-6d">
         <name>.text:defaultHandler</name>
         <load_address>0x2000ec8a</load_address>
         <run_address>0x2000ec8a</run_address>
         <size>0x2</size>
         <input_file_ref idref="fl-1c"/>
      </object_component>
      <object_component id="oc-43e">
         <name>.text:Power_getConstraintMask</name>
         <load_address>0x2000ec8c</load_address>
         <run_address>0x2000ec8c</run_address>
         <size>0xc</size>
         <input_file_ref idref="fl-10"/>
      </object_component>
      <object_component id="oc-36d">
         <name>.text:ClockP_isActive</name>
         <load_address>0x2000ec98</load_address>
         <run_address>0x2000ec98</run_address>
         <size>0xa</size>
         <input_file_ref idref="fl-19"/>
      </object_component>
      <object_component id="oc-53">
         <name>.text:IntMasterDisable</name>
         <load_address>0x2000eca2</load_address>
         <run_address>0x2000eca2</run_address>
         <size>0xa</size>
         <input_file_ref idref="fl-20"/>
      </object_component>
      <object_component id="oc-1e1">
         <name>.text:PWM_setDuty</name>
         <load_address>0x2000ecac</load_address>
         <run_address>0x2000ecac</run_address>
         <size>0xa</size>
         <input_file_ref idref="fl-e"/>
      </object_component>
      <object_component id="oc-1db">
         <name>.text:PWM_start</name>
         <load_address>0x2000ecb6</load_address>
         <run_address>0x2000ecb6</run_address>
         <size>0xa</size>
         <input_file_ref idref="fl-e"/>
      </object_component>
      <object_component id="oc-480">
         <name>.text:malloc</name>
         <load_address>0x2000ecc0</load_address>
         <run_address>0x2000ecc0</run_address>
         <size>0x8</size>
         <input_file_ref idref="fl-e1"/>
      </object_component>
      <object_component id="oc-4d9">
         <name>.text:PWMTimerCC32XX_control</name>
         <load_address>0x2000ecc8</load_address>
         <run_address>0x2000ecc8</run_address>
         <size>0x6</size>
         <input_file_ref idref="fl-12"/>
      </object_component>
      <object_component id="oc-252">
         <name>.text:UtilsDelay</name>
         <load_address>0x2000ecce</load_address>
         <run_address>0x2000ecce</run_address>
         <size>0x6</size>
         <input_file_ref idref="fl-24"/>
      </object_component>
      <object_component id="oc-46d">
         <name>.text:ClockP_doTick</name>
         <load_address>0x2000ecd4</load_address>
         <run_address>0x2000ecd4</run_address>
         <size>0x4</size>
         <input_file_ref idref="fl-19"/>
      </object_component>
      <object_component id="oc-563">
         <name>.text:HwiP_post</name>
         <load_address>0x2000ecd8</load_address>
         <run_address>0x2000ecd8</run_address>
         <size>0x4</size>
         <input_file_ref idref="fl-1a"/>
      </object_component>
      <object_component id="oc-29d">
         <name>.text:SemaphoreP_delete</name>
         <load_address>0x2000ecdc</load_address>
         <run_address>0x2000ecdc</run_address>
         <size>0x4</size>
         <input_file_ref idref="fl-18"/>
      </object_component>
      <object_component id="oc-119">
         <name>.text:_system_pre_init</name>
         <load_address>0x2000ece0</load_address>
         <run_address>0x2000ece0</run_address>
         <size>0x4</size>
         <input_file_ref idref="fl-e6"/>
      </object_component>
      <object_component id="oc-16a">
         <name>.text:abort:abort</name>
         <load_address>0x2000ece4</load_address>
         <run_address>0x2000ece4</run_address>
         <size>0x4</size>
         <input_file_ref idref="fl-e8"/>
      </object_component>
      <object_component id="oc-67">
         <name>.text:faultISR</name>
         <load_address>0x2000ece8</load_address>
         <run_address>0x2000ece8</run_address>
         <size>0x2</size>
         <input_file_ref idref="fl-1c"/>
      </object_component>
      <object_component id="oc-61">
         <name>.text:nmiISR</name>
         <load_address>0x2000ecea</load_address>
         <run_address>0x2000ecea</run_address>
         <size>0x2</size>
         <input_file_ref idref="fl-1c"/>
      </object_component>
      <object_component id="oc-525">
         <name>.text</name>
         <load_address>0x2000ecec</load_address>
         <run_address>0x2000ecec</run_address>
         <size>0x2</size>
         <input_file_ref idref="fl-e3"/>
      </object_component>
      <object_component id="oc-328">
         <name>.const:g_ulPinToPadMap</name>
         <load_address>0x2000f310</load_address>
         <run_address>0x2000f310</run_address>
         <size>0x100</size>
         <input_file_ref idref="fl-21"/>
      </object_component>
      <object_component id="oc-321">
         <name>.const:PRCM_PeriphRegsList</name>
         <load_address>0x2000f410</load_address>
         <run_address>0x2000f410</run_address>
         <size>0xa8</size>
         <input_file_ref idref="fl-22"/>
      </object_component>
      <object_component id="oc-287">
         <name>.const:PowerCC32XX_config</name>
         <load_address>0x2000f4b8</load_address>
         <run_address>0x2000f4b8</run_address>
         <size>0x44</size>
         <input_file_ref idref="fl-4"/>
      </object_component>
      <object_component id="oc-3b0">
         <name>.const:portConfigs</name>
         <load_address>0x2000f4fc</load_address>
         <run_address>0x2000f4fc</run_address>
         <size>0x28</size>
         <input_file_ref idref="fl-f"/>
      </object_component>
      <object_component id="oc-3de">
         <name>.const:PWMTimerCC32XX_fxnTable</name>
         <load_address>0x2000f524</load_address>
         <run_address>0x2000f524</run_address>
         <size>0x24</size>
         <input_file_ref idref="fl-12"/>
      </object_component>
      <object_component id="oc-3a7">
         <name>.const:.string:pinTable</name>
         <load_address>0x2000f548</load_address>
         <run_address>0x2000f548</run_address>
         <size>0x21</size>
         <input_file_ref idref="fl-f"/>
      </object_component>
      <object_component id="oc-5e9">
         <name>.const:gpioPinIndexes</name>
         <load_address>0x2000f56c</load_address>
         <run_address>0x2000f56c</run_address>
         <size>0x20</size>
         <input_file_ref idref="fl-12"/>
      </object_component>
      <object_component id="oc-2d3">
         <name>.const:PWM_config</name>
         <load_address>0x2000f58c</load_address>
         <run_address>0x2000f58c</run_address>
         <size>0x18</size>
         <input_file_ref idref="fl-4"/>
      </object_component>
      <object_component id="oc-2d7">
         <name>.const:PWM_defaultParams</name>
         <load_address>0x2000f5a4</load_address>
         <run_address>0x2000f5a4</run_address>
         <size>0x18</size>
         <input_file_ref idref="fl-e"/>
      </object_component>
      <object_component id="oc-113">
         <name>.const:g_pulEnRegs</name>
         <load_address>0x2000f5bc</load_address>
         <run_address>0x2000f5bc</run_address>
         <size>0x18</size>
         <input_file_ref idref="fl-20"/>
      </object_component>
      <object_component id="oc-670">
         <name>.const:g_pulPendRegs</name>
         <load_address>0x2000f5d4</load_address>
         <run_address>0x2000f5d4</run_address>
         <size>0x18</size>
         <input_file_ref idref="fl-20"/>
      </object_component>
      <object_component id="oc-2c2">
         <name>.const:GPIO_config</name>
         <load_address>0x2000f5ec</load_address>
         <run_address>0x2000f5ec</run_address>
         <size>0x10</size>
         <input_file_ref idref="fl-4"/>
      </object_component>
      <object_component id="oc-5b1">
         <name>.const:gpioBaseAddresses</name>
         <load_address>0x2000f5fc</load_address>
         <run_address>0x2000f5fc</run_address>
         <size>0x10</size>
         <input_file_ref idref="fl-12"/>
      </object_component>
      <object_component id="oc-5ae">
         <name>.const:timerBaseAddresses</name>
         <load_address>0x2000f60c</load_address>
         <run_address>0x2000f60c</run_address>
         <size>0x10</size>
         <input_file_ref idref="fl-12"/>
      </object_component>
      <object_component id="oc-3e2">
         <name>.const:pwmTimerCC32XXHWAttrs</name>
         <load_address>0x2000f61c</load_address>
         <run_address>0x2000f61c</run_address>
         <size>0x8</size>
         <input_file_ref idref="fl-4"/>
      </object_component>
      <object_component id="oc-5d0">
         <name>.const:timerHalves</name>
         <load_address>0x2000f624</load_address>
         <run_address>0x2000f624</run_address>
         <size>0x8</size>
         <input_file_ref idref="fl-12"/>
      </object_component>
      <object_component id="oc-2bf">
         <name>.const</name>
         <load_address>0x2000f62c</load_address>
         <run_address>0x2000f62c</run_address>
         <size>0x5</size>
         <input_file_ref idref="fl-4"/>
      </object_component>
      <object_component id="oc-6af">
         <name>.cinit..data.load</name>
         <load_address>0x2000f8f8</load_address>
         <run_address>0x2000f8f8</run_address>
         <size>0xc0</size>
      </object_component>
      <object_component id="oc-6ad">
         <name>__TI_handler_table</name>
         <load_address>0x2000f9b8</load_address>
         <run_address>0x2000f9b8</run_address>
         <size>0xc</size>
      </object_component>
      <object_component id="oc-6b0">
         <name>.cinit..bss.load</name>
         <load_address>0x2000f9c8</load_address>
         <run_address>0x2000f9c8</run_address>
         <size>0x8</size>
      </object_component>
      <object_component id="oc-6ae">
         <name>__TI_cinit_table</name>
         <load_address>0x2000f9d0</load_address>
         <run_address>0x2000f9d0</run_address>
         <size>0x10</size>
      </object_component>
      <object_component id="oc-3cc">
         <name>.data:gpioPinConfigs</name>
         <load_address>0x2000f260</load_address>
         <run_address>0x2000f260</run_address>
         <size>0x84</size>
         <input_file_ref idref="fl-4"/>
      </object_component>
      <object_component id="oc-33e">
         <name>.data:parkInfo</name>
         <load_address>0x2000f168</load_address>
         <run_address>0x2000f168</run_address>
         <size>0xf8</size>
         <input_file_ref idref="fl-4"/>
      </object_component>
      <object_component id="oc-2d0">
         <name>.data</name>
         <load_address>0x2000f30e</load_address>
         <run_address>0x2000f30e</run_address>
         <size>0x1</size>
         <input_file_ref idref="fl-e"/>
      </object_component>
      <object_component id="oc-2bc">
         <name>.data</name>
         <load_address>0x2000f30c</load_address>
         <run_address>0x2000f30c</run_address>
         <size>0x2</size>
         <input_file_ref idref="fl-f"/>
      </object_component>
      <object_component id="oc-284">
         <name>.data:PowerCC32XX_module</name>
         <load_address>0x2000effc</load_address>
         <run_address>0x2000effc</run_address>
         <size>0x16c</size>
         <input_file_ref idref="fl-10"/>
      </object_component>
      <object_component id="oc-37f">
         <name>.data</name>
         <load_address>0x2000f309</load_address>
         <run_address>0x2000f309</run_address>
         <size>0x3</size>
         <input_file_ref idref="fl-18"/>
      </object_component>
      <object_component id="oc-47c">
         <name>.data:SemaphoreP_defaultParams</name>
         <load_address>0x2000f2f4</load_address>
         <run_address>0x2000f2f4</run_address>
         <size>0x8</size>
         <input_file_ref idref="fl-18"/>
      </object_component>
      <object_component id="oc-2f0">
         <name>.data</name>
         <load_address>0x2000f304</load_address>
         <run_address>0x2000f304</run_address>
         <size>0x5</size>
         <input_file_ref idref="fl-19"/>
      </object_component>
      <object_component id="oc-583">
         <name>.data:HwiP_dispatchTable</name>
         <load_address>0x2000ecf0</load_address>
         <run_address>0x2000ecf0</run_address>
         <size>0x30c</size>
         <input_file_ref idref="fl-1a"/>
      </object_component>
      <object_component id="oc-569">
         <name>.data</name>
         <load_address>0x2000f2fc</load_address>
         <run_address>0x2000f2fc</run_address>
         <size>0x8</size>
         <input_file_ref idref="fl-1a"/>
      </object_component>
      <object_component id="oc-57d">
         <name>.data:$O1$$</name>
         <load_address>0x2000f2ec</load_address>
         <run_address>0x2000f2ec</run_address>
         <size>0x8</size>
         <input_file_ref idref="fl-e1"/>
      </object_component>
      <object_component id="oc-1f8">
         <name>.data:$O1$$</name>
         <load_address>0x2000f2e4</load_address>
         <run_address>0x2000f2e4</run_address>
         <size>0x8</size>
         <input_file_ref idref="fl-e9"/>
      </object_component>
      <object_component id="oc-2c5">
         <name>.bss:powerNotifyObj</name>
         <uninitialized>true</uninitialized>
         <run_address>0x2000f8b4</run_address>
         <size>0x14</size>
         <input_file_ref idref="fl-f"/>
      </object_component>
      <object_component id="oc-2bb">
         <name>.bss</name>
         <uninitialized>true</uninitialized>
         <run_address>0x2000f8e8</run_address>
         <size>0x4</size>
         <input_file_ref idref="fl-f"/>
      </object_component>
      <object_component id="oc-64c">
         <name>.bss:timerState</name>
         <uninitialized>true</uninitialized>
         <run_address>0x2000f8f0</run_address>
         <size>0x4</size>
         <input_file_ref idref="fl-13"/>
      </object_component>
      <object_component id="oc-3ef">
         <name>.bss</name>
         <uninitialized>true</uninitialized>
         <run_address>0x2000f8ec</run_address>
         <size>0x4</size>
         <input_file_ref idref="fl-19"/>
      </object_component>
      <object_component id="oc-516">
         <name>.bss</name>
         <uninitialized>true</uninitialized>
         <run_address>0x2000f8d8</run_address>
         <size>0xd</size>
         <input_file_ref idref="fl-1d"/>
      </object_component>
      <object_component id="oc-3cf">
         <name>.common:gpioCallbackFunctions</name>
         <uninitialized>true</uninitialized>
         <run_address>0x2000f764</run_address>
         <size>0x84</size>
      </object_component>
      <object_component id="oc-3d0">
         <name>.common:gpioUserArgs</name>
         <uninitialized>true</uninitialized>
         <run_address>0x2000f7e8</run_address>
         <size>0x84</size>
      </object_component>
      <object_component id="oc-3e1">
         <name>.common:pwmTimerCC32XXObjects</name>
         <uninitialized>true</uninitialized>
         <run_address>0x2000f86c</run_address>
         <size>0x48</size>
      </object_component>
      <object_component id="oc-604">
         <name>.common:PowerCC32XX_contextSave</name>
         <uninitialized>true</uninitialized>
         <run_address>0x2000f638</run_address>
         <size>0x12c</size>
      </object_component>
      <object_component id="oc-e1">
         <name>.common:ClockP_ctrl</name>
         <uninitialized>true</uninitialized>
         <run_address>0x2000f8c8</run_address>
         <size>0x10</size>
      </object_component>
      <object_component id="oc-2a">
         <name>.sysmem</name>
         <uninitialized>true</uninitialized>
         <run_address>0x20004040</run_address>
         <size>0x10</size>
         <input_file_ref idref="fl-e1"/>
      </object_component>
      <object_component id="oc-6b3">
         <name>.sysmem</name>
         <uninitialized>true</uninitialized>
         <run_address>0x20004040</run_address>
         <size>0x0</size>
      </object_component>
      <object_component id="oc-2d">
         <name>.stack</name>
         <uninitialized>true</uninitialized>
         <run_address>0x20003000</run_address>
         <size>0x4</size>
         <input_file_ref idref="fl-e2"/>
      </object_component>
      <object_component id="oc-6b2">
         <name>.stack</name>
         <uninitialized>true</uninitialized>
         <run_address>0x20003000</run_address>
         <size>0x0</size>
      </object_component>
      <object_component id="oc-27">
         <name>.resetVecs:retain</name>
         <load_address>0x20004000</load_address>
         <run_address>0x20004000</run_address>
         <size>0x40</size>
         <input_file_ref idref="fl-1c"/>
      </object_component>
      <object_component id="oc-bb">
         <name>.ramVecs</name>
         <uninitialized>true</uninitialized>
         <run_address>0x20000000</run_address>
         <size>0x30c</size>
         <input_file_ref idref="fl-1c"/>
      </object_component>
      <object_component id="oc-152">
         <name>.debug_info</name>
         <load_address>0x0</load_address>
         <run_address>0x0</run_address>
         <size>0x1bc</size>
         <input_file_ref idref="fl-2"/>
      </object_component>
      <object_component id="oc-120">
         <name>.debug_info</name>
         <load_address>0x1bc</load_address>
         <run_address>0x1bc</run_address>
         <size>0x154</size>
         <input_file_ref idref="fl-2"/>
      </object_component>
      <object_component id="oc-e7">
         <name>.debug_info</name>
         <load_address>0x310</load_address>
         <run_address>0x310</run_address>
         <size>0x26b</size>
         <input_file_ref idref="fl-2"/>
      </object_component>
      <object_component id="oc-36">
         <name>.debug_info</name>
         <load_address>0x57b</load_address>
         <run_address>0x57b</run_address>
         <size>0x84</size>
         <input_file_ref idref="fl-2"/>
      </object_component>
      <object_component id="oc-14d">
         <name>.debug_info</name>
         <load_address>0x5ff</load_address>
         <run_address>0x5ff</run_address>
         <size>0x2a4</size>
         <input_file_ref idref="fl-2"/>
      </object_component>
      <object_component id="oc-216">
         <name>.debug_info</name>
         <load_address>0x8a3</load_address>
         <run_address>0x8a3</run_address>
         <size>0xef</size>
         <input_file_ref idref="fl-2"/>
      </object_component>
      <object_component id="oc-134">
         <name>.debug_info</name>
         <load_address>0x992</load_address>
         <run_address>0x992</run_address>
         <size>0xbb</size>
         <input_file_ref idref="fl-2"/>
      </object_component>
      <object_component id="oc-634">
         <name>.debug_info</name>
         <load_address>0xa4d</load_address>
         <run_address>0xa4d</run_address>
         <size>0x53</size>
         <input_file_ref idref="fl-2"/>
      </object_component>
      <object_component id="oc-1ee">
         <name>.debug_info</name>
         <load_address>0xaa0</load_address>
         <run_address>0xaa0</run_address>
         <size>0x2d8</size>
         <input_file_ref idref="fl-3"/>
      </object_component>
      <object_component id="oc-165">
         <name>.debug_info</name>
         <load_address>0xd78</load_address>
         <run_address>0xd78</run_address>
         <size>0x222</size>
         <input_file_ref idref="fl-3"/>
      </object_component>
      <object_component id="oc-1ef">
         <name>.debug_info</name>
         <load_address>0xf9a</load_address>
         <run_address>0xf9a</run_address>
         <size>0x30f</size>
         <input_file_ref idref="fl-3"/>
      </object_component>
      <object_component id="oc-2f6">
         <name>.debug_info</name>
         <load_address>0x12a9</load_address>
         <run_address>0x12a9</run_address>
         <size>0x53</size>
         <input_file_ref idref="fl-3"/>
      </object_component>
      <object_component id="oc-31c">
         <name>.debug_info</name>
         <load_address>0x12fc</load_address>
         <run_address>0x12fc</run_address>
         <size>0x4f8</size>
         <input_file_ref idref="fl-4"/>
      </object_component>
      <object_component id="oc-2c0">
         <name>.debug_info</name>
         <load_address>0x17f4</load_address>
         <run_address>0x17f4</run_address>
         <size>0x1d1</size>
         <input_file_ref idref="fl-4"/>
      </object_component>
      <object_component id="oc-3cd">
         <name>.debug_info</name>
         <load_address>0x19c5</load_address>
         <run_address>0x19c5</run_address>
         <size>0x107</size>
         <input_file_ref idref="fl-4"/>
      </object_component>
      <object_component id="oc-2c3">
         <name>.debug_info</name>
         <load_address>0x1acc</load_address>
         <run_address>0x1acc</run_address>
         <size>0x101</size>
         <input_file_ref idref="fl-4"/>
      </object_component>
      <object_component id="oc-3e3">
         <name>.debug_info</name>
         <load_address>0x1bcd</load_address>
         <run_address>0x1bcd</run_address>
         <size>0x115</size>
         <input_file_ref idref="fl-4"/>
      </object_component>
      <object_component id="oc-2d4">
         <name>.debug_info</name>
         <load_address>0x1ce2</load_address>
         <run_address>0x1ce2</run_address>
         <size>0xff</size>
         <input_file_ref idref="fl-4"/>
      </object_component>
      <object_component id="oc-288">
         <name>.debug_info</name>
         <load_address>0x1de1</load_address>
         <run_address>0x1de1</run_address>
         <size>0x10f</size>
         <input_file_ref idref="fl-4"/>
      </object_component>
      <object_component id="oc-33f">
         <name>.debug_info</name>
         <load_address>0x1ef0</load_address>
         <run_address>0x1ef0</run_address>
         <size>0xfb</size>
         <input_file_ref idref="fl-4"/>
      </object_component>
      <object_component id="oc-1c2">
         <name>.debug_info</name>
         <load_address>0x1feb</load_address>
         <run_address>0x1feb</run_address>
         <size>0x153</size>
         <input_file_ref idref="fl-4"/>
      </object_component>
      <object_component id="oc-158">
         <name>.debug_info</name>
         <load_address>0x213e</load_address>
         <run_address>0x213e</run_address>
         <size>0x19a</size>
         <input_file_ref idref="fl-4"/>
      </object_component>
      <object_component id="oc-225">
         <name>.debug_info</name>
         <load_address>0x22d8</load_address>
         <run_address>0x22d8</run_address>
         <size>0x878</size>
         <input_file_ref idref="fl-4"/>
      </object_component>
      <object_component id="oc-22f">
         <name>.debug_info</name>
         <load_address>0x2b50</load_address>
         <run_address>0x2b50</run_address>
         <size>0xa8</size>
         <input_file_ref idref="fl-4"/>
      </object_component>
      <object_component id="oc-21b">
         <name>.debug_info</name>
         <load_address>0x2bf8</load_address>
         <run_address>0x2bf8</run_address>
         <size>0xb6</size>
         <input_file_ref idref="fl-4"/>
      </object_component>
      <object_component id="oc-419">
         <name>.debug_info</name>
         <load_address>0x2cae</load_address>
         <run_address>0x2cae</run_address>
         <size>0x10e</size>
         <input_file_ref idref="fl-4"/>
      </object_component>
      <object_component id="oc-234">
         <name>.debug_info</name>
         <load_address>0x2dbc</load_address>
         <run_address>0x2dbc</run_address>
         <size>0xa1</size>
         <input_file_ref idref="fl-4"/>
      </object_component>
      <object_component id="oc-422">
         <name>.debug_info</name>
         <load_address>0x2e5d</load_address>
         <run_address>0x2e5d</run_address>
         <size>0x62</size>
         <input_file_ref idref="fl-4"/>
      </object_component>
      <object_component id="oc-10d">
         <name>.debug_info</name>
         <load_address>0x2ebf</load_address>
         <run_address>0x2ebf</run_address>
         <size>0x8b</size>
         <input_file_ref idref="fl-4"/>
      </object_component>
      <object_component id="oc-aa">
         <name>.debug_info</name>
         <load_address>0x2f4a</load_address>
         <run_address>0x2f4a</run_address>
         <size>0x2c</size>
         <input_file_ref idref="fl-4"/>
      </object_component>
      <object_component id="oc-1a9">
         <name>.debug_info</name>
         <load_address>0x2f76</load_address>
         <run_address>0x2f76</run_address>
         <size>0x2c8</size>
         <input_file_ref idref="fl-e"/>
      </object_component>
      <object_component id="oc-2d8">
         <name>.debug_info</name>
         <load_address>0x323e</load_address>
         <run_address>0x323e</run_address>
         <size>0xe3</size>
         <input_file_ref idref="fl-e"/>
      </object_component>
      <object_component id="oc-2d1">
         <name>.debug_info</name>
         <load_address>0x3321</load_address>
         <run_address>0x3321</run_address>
         <size>0xda</size>
         <input_file_ref idref="fl-e"/>
      </object_component>
      <object_component id="oc-1df">
         <name>.debug_info</name>
         <load_address>0x33fb</load_address>
         <run_address>0x33fb</run_address>
         <size>0x126</size>
         <input_file_ref idref="fl-e"/>
      </object_component>
      <object_component id="oc-1e5">
         <name>.debug_info</name>
         <load_address>0x3521</load_address>
         <run_address>0x3521</run_address>
         <size>0x13f</size>
         <input_file_ref idref="fl-e"/>
      </object_component>
      <object_component id="oc-1d9">
         <name>.debug_info</name>
         <load_address>0x3660</load_address>
         <run_address>0x3660</run_address>
         <size>0x163</size>
         <input_file_ref idref="fl-e"/>
      </object_component>
      <object_component id="oc-1cd">
         <name>.debug_info</name>
         <load_address>0x37c3</load_address>
         <run_address>0x37c3</run_address>
         <size>0x12f</size>
         <input_file_ref idref="fl-e"/>
      </object_component>
      <object_component id="oc-1d3">
         <name>.debug_info</name>
         <load_address>0x38f2</load_address>
         <run_address>0x38f2</run_address>
         <size>0x116</size>
         <input_file_ref idref="fl-e"/>
      </object_component>
      <object_component id="oc-220">
         <name>.debug_info</name>
         <load_address>0x3a08</load_address>
         <run_address>0x3a08</run_address>
         <size>0xf8</size>
         <input_file_ref idref="fl-e"/>
      </object_component>
      <object_component id="oc-13e">
         <name>.debug_info</name>
         <load_address>0x3b00</load_address>
         <run_address>0x3b00</run_address>
         <size>0x110</size>
         <input_file_ref idref="fl-e"/>
      </object_component>
      <object_component id="oc-1a8">
         <name>.debug_info</name>
         <load_address>0x3c10</load_address>
         <run_address>0x3c10</run_address>
         <size>0x5a8</size>
         <input_file_ref idref="fl-f"/>
      </object_component>
      <object_component id="oc-3a8">
         <name>.debug_info</name>
         <load_address>0x41b8</load_address>
         <run_address>0x41b8</run_address>
         <size>0xdc</size>
         <input_file_ref idref="fl-f"/>
      </object_component>
      <object_component id="oc-3b1">
         <name>.debug_info</name>
         <load_address>0x4294</load_address>
         <run_address>0x4294</run_address>
         <size>0xe2</size>
         <input_file_ref idref="fl-f"/>
      </object_component>
      <object_component id="oc-2bd">
         <name>.debug_info</name>
         <load_address>0x4376</load_address>
         <run_address>0x4376</run_address>
         <size>0x11a</size>
         <input_file_ref idref="fl-f"/>
      </object_component>
      <object_component id="oc-2c6">
         <name>.debug_info</name>
         <load_address>0x4490</load_address>
         <run_address>0x4490</run_address>
         <size>0xe8</size>
         <input_file_ref idref="fl-f"/>
      </object_component>
      <object_component id="oc-3ac">
         <name>.debug_info</name>
         <load_address>0x4578</load_address>
         <run_address>0x4578</run_address>
         <size>0x1a4</size>
         <input_file_ref idref="fl-f"/>
      </object_component>
      <object_component id="oc-4c1">
         <name>.debug_info</name>
         <load_address>0x471c</load_address>
         <run_address>0x471c</run_address>
         <size>0x187</size>
         <input_file_ref idref="fl-f"/>
      </object_component>
      <object_component id="oc-3a3">
         <name>.debug_info</name>
         <load_address>0x48a3</load_address>
         <run_address>0x48a3</run_address>
         <size>0x185</size>
         <input_file_ref idref="fl-f"/>
      </object_component>
      <object_component id="oc-39d">
         <name>.debug_info</name>
         <load_address>0x4a28</load_address>
         <run_address>0x4a28</run_address>
         <size>0x1f1</size>
         <input_file_ref idref="fl-f"/>
      </object_component>
      <object_component id="oc-2ab">
         <name>.debug_info</name>
         <load_address>0x4c19</load_address>
         <run_address>0x4c19</run_address>
         <size>0x372</size>
         <input_file_ref idref="fl-f"/>
      </object_component>
      <object_component id="oc-2ca">
         <name>.debug_info</name>
         <load_address>0x4f8b</load_address>
         <run_address>0x4f8b</run_address>
         <size>0x1dd</size>
         <input_file_ref idref="fl-f"/>
      </object_component>
      <object_component id="oc-1bc">
         <name>.debug_info</name>
         <load_address>0x5168</load_address>
         <run_address>0x5168</run_address>
         <size>0x21c</size>
         <input_file_ref idref="fl-f"/>
      </object_component>
      <object_component id="oc-139">
         <name>.debug_info</name>
         <load_address>0x5384</load_address>
         <run_address>0x5384</run_address>
         <size>0x100</size>
         <input_file_ref idref="fl-f"/>
      </object_component>
      <object_component id="oc-22a">
         <name>.debug_info</name>
         <load_address>0x5484</load_address>
         <run_address>0x5484</run_address>
         <size>0x72</size>
         <input_file_ref idref="fl-f"/>
      </object_component>
      <object_component id="oc-32e">
         <name>.debug_info</name>
         <load_address>0x54f6</load_address>
         <run_address>0x54f6</run_address>
         <size>0x5aa</size>
         <input_file_ref idref="fl-10"/>
      </object_component>
      <object_component id="oc-285">
         <name>.debug_info</name>
         <load_address>0x5aa0</load_address>
         <run_address>0x5aa0</run_address>
         <size>0xf3</size>
         <input_file_ref idref="fl-10"/>
      </object_component>
      <object_component id="oc-5a4">
         <name>.debug_info</name>
         <load_address>0x5b93</load_address>
         <run_address>0x5b93</run_address>
         <size>0x1bd</size>
         <input_file_ref idref="fl-10"/>
      </object_component>
      <object_component id="oc-52d">
         <name>.debug_info</name>
         <load_address>0x5d50</load_address>
         <run_address>0x5d50</run_address>
         <size>0x16d</size>
         <input_file_ref idref="fl-10"/>
      </object_component>
      <object_component id="oc-5ff">
         <name>.debug_info</name>
[...]
      </symbol>
      <symbol id="sm-360">
         <name>Power_getDependencyCount</name>
         <value>0x2000eba5</value>
         <object_component_ref idref="oc-613"/>
      </symbol>
      <symbol id="sm-361">
         <name>Power_enablePolicy</name>
         <value>0x2000ec41</value>
         <object_component_ref idref="oc-367"/>
      </symbol>
      <symbol id="sm-362">
         <name>Power_setConstraint</name>
         <value>0x2000e589</value>
         <object_component_ref idref="oc-5dc"/>
      </symbol>
      <symbol id="sm-363">
         <name>PowerCC32XX_parkPin</name>
         <value>0x2000dfc9</value>
         <object_component_ref idref="oc-5fd"/>
      </symbol>
      <symbol id="sm-364">
         <name>PowerCC32XX_module</name>
         <value>0x2000effc</value>
         <object_component_ref idref="oc-284"/>
      </symbol>
      <symbol id="sm-365">
         <name>Power_getTransitionLatency</name>
         <value>0x2000eaa1</value>
         <object_component_ref idref="oc-44a"/>
      </symbol>
      <symbol id="sm-366">
         <name>Power_setDependency</name>
         <value>0x2000d8dd</value>
         <object_component_ref idref="oc-389"/>
      </symbol>
      <symbol id="sm-377">
         <name>PowerCC32XX_enterLPDS</name>
         <value>0x2000e3bd</value>
         <object_component_ref idref="oc-53d"/>
      </symbol>
      <symbol id="sm-378">
         <name>PowerCC32XX_resumeLPDS</name>
         <value>0x2000de85</value>
         <object_component_ref idref="oc-606"/>
      </symbol>
      <symbol id="sm-479">
         <name>PWMTimerCC32XX_fxnTable</name>
         <value>0x2000f524</value>
         <object_component_ref idref="oc-3de"/>
      </symbol>
      <symbol id="sm-47a">
         <name>PWMTimerCC32XX_setPeriod</name>
         <value>0x2000d361</value>
         <object_component_ref idref="oc-4f1"/>
      </symbol>
      <symbol id="sm-47b">
         <name>PWMTimerCC32XX_setDutyAndPeriod</name>
         <value>0x2000c8a9</value>
         <object_component_ref idref="oc-4f7"/>
      </symbol>
      <symbol id="sm-47c">
         <name>PWMTimerCC32XX_stop</name>
         <value>0x2000cdf5</value>
         <object_component_ref idref="oc-503"/>
      </symbol>
      <symbol id="sm-47d">
         <name>PWMTimerCC32XX_start</name>
         <value>0x2000dac1</value>
         <object_component_ref idref="oc-4fd"/>
      </symbol>
      <symbol id="sm-47e">
         <name>PWMTimerCC32XX_close</name>
         <value>0x2000d6c5</value>
         <object_component_ref idref="oc-4d3"/>
      </symbol>
      <symbol id="sm-47f">
         <name>PWMTimerCC32XX_setDuty</name>
         <value>0x2000cf79</value>
         <object_component_ref idref="oc-4eb"/>
      </symbol>
      <symbol id="sm-480">
         <name>PWMTimerCC32XX_init</name>
         <value>0x2000ded7</value>
         <object_component_ref idref="oc-4df"/>
      </symbol>
      <symbol id="sm-481">
         <name>PWMTimerCC32XX_control</name>
         <value>0x2000ecc9</value>
         <object_component_ref idref="oc-4d9"/>
      </symbol>
      <symbol id="sm-482">
         <name>PWMTimerCC32XX_open</name>
         <value>0x2000cc21</value>
         <object_component_ref idref="oc-4e5"/>
      </symbol>
      <symbol id="sm-4b8">
         <name>TimerCC32XX_freeTimerResource</name>
         <value>0x2000e7b5</value>
         <object_component_ref idref="oc-590"/>
      </symbol>
      <symbol id="sm-4b9">
         <name>TimerCC32XX_allocateTimerResource</name>
         <value>0x2000df79</value>
         <object_component_ref idref="oc-5b7"/>
      </symbol>
      <symbol id="sm-4d2">
         <name>List_remove</name>
         <value>0x2000e947</value>
         <object_component_ref idref="oc-653"/>
      </symbol>
      <symbol id="sm-4d3">
         <name>List_put</name>
         <value>0x2000e921</value>
         <object_component_ref idref="oc-3b4"/>
      </symbol>
      <symbol id="sm-557">
         <name>SemaphoreP_defaultParams</name>
         <value>0x2000f2f4</value>
         <object_component_ref idref="oc-47c"/>
      </symbol>
      <symbol id="sm-558">
         <name>SemaphoreP_construct</name>
         <value>0x2000df29</value>
         <object_component_ref idref="oc-3f9"/>
      </symbol>
      <symbol id="sm-559">
         <name>SemaphoreP_create</name>
         <value>0x2000eb15</value>
         <object_component_ref idref="oc-349"/>
      </symbol>
      <symbol id="sm-55a">
         <name>SemaphoreP_destruct</name>
         <value>0x2000ea83</value>
         <object_component_ref idref="oc-3ff"/>
      </symbol>
      <symbol id="sm-55b">
         <name>SemaphoreP_post</name>
         <value>0x2000e401</value>
         <object_component_ref idref="oc-2b5"/>
      </symbol>
      <symbol id="sm-55c">
         <name>SemaphoreP_pend</name>
         <value>0x2000d225</value>
         <object_component_ref idref="oc-2a3"/>
      </symbol>
      <symbol id="sm-55d">
         <name>SemaphoreP_delete</name>
         <value>0x2000ecdd</value>
         <object_component_ref idref="oc-29d"/>
      </symbol>
      <symbol id="sm-55e">
         <name>SemaphoreP_createBinary</name>
         <value>0x2000ea69</value>
         <object_component_ref idref="oc-28b"/>
      </symbol>
      <symbol id="sm-55f">
         <name>SemaphoreP_Params_init</name>
         <value>0x2000ec51</value>
         <object_component_ref idref="oc-343"/>
      </symbol>
      <symbol id="sm-560">
         <name>clkFxn</name>
         <value>0x2000ebff</value>
         <object_component_ref idref="oc-379"/>
      </symbol>
      <symbol id="sm-648">
         <name>ClockP_ctrl</name>
         <value>0x2000f8c8</value>
      </symbol>
      <symbol id="sm-649">
         <name>ClockP_doTick</name>
         <value>0x2000ecd5</value>
         <object_component_ref idref="oc-46d"/>
      </symbol>
      <symbol id="sm-64a">
         <name>ClockP_startup</name>
         <value>0x2000e74d</value>
         <object_component_ref idref="oc-2de"/>
      </symbol>
      <symbol id="sm-64b">
         <name>ClockP_stop</name>
         <value>0x2000e2f1</value>
         <object_component_ref idref="oc-4a8"/>
      </symbol>
      <symbol id="sm-64c">
         <name>ClockP_getTicksUntilInterrupt</name>
         <value>0x2000e719</value>
         <object_component_ref idref="oc-444"/>
      </symbol>
      <symbol id="sm-64d">
         <name>ClockP_setTicks</name>
         <value>0x2000ec21</value>
         <object_component_ref idref="oc-467"/>
      </symbol>
      <symbol id="sm-64e">
         <name>ClockP_tickPeriod</name>
         <value>0x2000f304</value>
         <object_component_ref idref="oc-2f0"/>
      </symbol>
      <symbol id="sm-64f">
         <name>ClockP_usleep</name>
         <value>0x2000e0f9</value>
         <object_component_ref idref="oc-1e7"/>
      </symbol>
      <symbol id="sm-650">
         <name>ClockP_getSystemTicks</name>
         <value>0x2000ec11</value>
         <object_component_ref idref="oc-450"/>
      </symbol>
      <symbol id="sm-651">
         <name>ClockP_destruct</name>
         <value>0x2000e54d</value>
         <object_component_ref idref="oc-373"/>
      </symbol>
      <symbol id="sm-652">
         <name>ClockP_start</name>
         <value>0x2000e81d</value>
         <object_component_ref idref="oc-361"/>
      </symbol>
      <symbol id="sm-653">
         <name>ClockP_sysTickHandler</name>
         <value>0x2000ded9</value>
         <object_component_ref idref="oc-79"/>
      </symbol>
      <symbol id="sm-654">
         <name>ClockP_isActive</name>
         <value>0x2000ec99</value>
         <object_component_ref idref="oc-36d"/>
      </symbol>
      <symbol id="sm-655">
         <name>ClockP_getCpuFreq</name>
         <value>0x2000ec01</value>
         <object_component_ref idref="oc-432"/>
      </symbol>
      <symbol id="sm-656">
         <name>ClockP_add</name>
         <value>0x2000ebef</value>
         <object_component_ref idref="oc-35b"/>
      </symbol>
      <symbol id="sm-6c7">
         <name>HwiP_construct</name>
         <value>0x2000d5b1</value>
         <object_component_ref idref="oc-4b8"/>
      </symbol>
      <symbol id="sm-6c8">
         <name>HwiP_inISR</name>
         <value>0x2000eb55</value>
         <object_component_ref idref="oc-3bb"/>
      </symbol>
      <symbol id="sm-6c9">
         <name>HwiP_dispatch</name>
         <value>0x2000e96d</value>
         <object_component_ref idref="oc-586"/>
      </symbol>
      <symbol id="sm-6ca">
         <name>HwiP_swiPIntNum</name>
         <value>0x2000f300</value>
         <object_component_ref idref="oc-569"/>
      </symbol>
      <symbol id="sm-6cb">
         <name>HwiP_Params_init</name>
         <value>0x2000ebb9</value>
         <object_component_ref idref="oc-38f"/>
      </symbol>
      <symbol id="sm-6cc">
         <name>HwiP_disable</name>
         <value>0x2000ec61</value>
         <object_component_ref idref="oc-291"/>
      </symbol>
      <symbol id="sm-6cd">
         <name>HwiP_key</name>
         <value>0x2000f2fc</value>
         <object_component_ref idref="oc-569"/>
      </symbol>
      <symbol id="sm-6ce">
         <name>HwiP_create</name>
         <value>0x2000e87d</value>
         <object_component_ref idref="oc-395"/>
      </symbol>
      <symbol id="sm-6cf">
         <name>HwiP_post</name>
         <value>0x2000ecd9</value>
         <object_component_ref idref="oc-563"/>
      </symbol>
      <symbol id="sm-6d0">
         <name>HwiP_enable</name>
         <value>0x2000ec6f</value>
         <object_component_ref idref="oc-15d"/>
      </symbol>
      <symbol id="sm-6d1">
         <name>HwiP_restore</name>
         <value>0x2000ec31</value>
         <object_component_ref idref="oc-297"/>
      </symbol>
      <symbol id="sm-701">
         <name>PowerCC32XX_initPolicy</name>
         <value>0x2000e8a7</value>
         <object_component_ref idref="oc-332"/>
      </symbol>
      <symbol id="sm-702">
         <name>PowerCC32XX_sleepPolicy</name>
         <value>0x2000c46d</value>
         <object_component_ref idref="oc-338"/>
      </symbol>
      <symbol id="sm-75c">
         <name>resetISR</name>
         <value>0x2000ea85</value>
         <object_component_ref idref="oc-21"/>
      </symbol>
      <symbol id="sm-75d">
         <name>resetVectorAddr</name>
         <value>0x2000ea98</value>
         <object_component_ref idref="oc-21"/>
      </symbol>
      <symbol id="sm-75e">
         <name>initVectors</name>
         <value>0x2000e6a9</value>
         <object_component_ref idref="oc-59"/>
      </symbol>
      <symbol id="sm-75f">
         <name>resetVectors</name>
         <value>0x20004000</value>
         <object_component_ref idref="oc-27"/>
      </symbol>
      <symbol id="sm-78f">
         <name>SwiP_disable</name>
         <value>0x2000ea15</value>
         <object_component_ref idref="oc-438"/>
      </symbol>
      <symbol id="sm-790">
         <name>SwiP_restore</name>
         <value>0x2000e445</value>
         <object_component_ref idref="oc-473"/>
      </symbol>
      <symbol id="sm-79b">
         <name>CPUcpsid</name>
         <value>0x2000eb3f</value>
         <object_component_ref idref="oc-a3"/>
      </symbol>
      <symbol id="sm-7e0">
         <name>IntVTableBaseSet</name>
         <value>0x2000eb69</value>
         <object_component_ref idref="oc-af"/>
      </symbol>
      <symbol id="sm-7e1">
         <name>IntEnable</name>
         <value>0x2000d031</value>
         <object_component_ref idref="oc-b5"/>
      </symbol>
      <symbol id="sm-7e2">
         <name>IntMasterDisable</name>
         <value>0x2000eca3</value>
         <object_component_ref idref="oc-53"/>
      </symbol>
      <symbol id="sm-7e3">
         <name>IntPendSet</name>
         <value>0x2000d63d</value>
         <object_component_ref idref="oc-629"/>
      </symbol>
      <symbol id="sm-81d">
         <name>PinModeGet</name>
         <value>0x2000e781</value>
         <object_component_ref idref="oc-271"/>
      </symbol>
      <symbol id="sm-81e">
         <name>PinConfigSet</name>
         <value>0x2000d74d</value>
         <object_component_ref idref="oc-383"/>
      </symbol>
      <symbol id="sm-81f">
         <name>PinModeSet</name>
         <value>0x2000e50d</value>
         <object_component_ref idref="oc-277"/>
      </symbol>
      <symbol id="sm-820">
         <name>PinToPadGet</name>
         <value>0x2000e9f9</value>
         <object_component_ref idref="oc-5a8"/>
      </symbol>
      <symbol id="sm-8e9">
         <name>PRCMLPDSRestoreInfoSet</name>
         <value>0x2000e335</value>
         <object_component_ref idref="oc-60b"/>
      </symbol>
      <symbol id="sm-8ea">
         <name>PRCMPeripheralReset</name>
         <value>0x2000ddd5</value>
         <object_component_ref idref="oc-265"/>
      </symbol>
      <symbol id="sm-8eb">
         <name>PRCMLPDSEnter</name>
         <value>0x2000e219</value>
         <object_component_ref idref="oc-554"/>
      </symbol>
      <symbol id="sm-8ec">
         <name>PRCMPeripheralClkEnable</name>
         <value>0x2000e261</value>
         <object_component_ref idref="oc-25f"/>
      </symbol>
      <symbol id="sm-8ed">
         <name>PRCMLPDSEnterKeepDebugIf</name>
         <value>0x2000e639</value>
         <object_component_ref idref="oc-55a"/>
      </symbol>
      <symbol id="sm-8ee">
         <name>PRCMCC3200MCUInit</name>
         <value>0x2000c041</value>
         <object_component_ref idref="oc-1af"/>
      </symbol>
      <symbol id="sm-8ef">
         <name>PRCMHIBRegWrite</name>
         <value>0x2000eaff</value>
         <object_component_ref idref="oc-253"/>
      </symbol>
      <symbol id="sm-8f0">
         <name>PRCMSysResetCauseGet</name>
         <value>0x2000dcb9</value>
         <object_component_ref idref="oc-24c"/>
      </symbol>
      <symbol id="sm-8f1">
         <name>PRCMPeripheralClkDisable</name>
         <value>0x2000e8a9</value>
         <object_component_ref idref="oc-26b"/>
      </symbol>
      <symbol id="sm-8f2">
         <name>PRCMHIBRegRead</name>
         <value>0x2000eae9</value>
         <object_component_ref idref="oc-259"/>
      </symbol>
      <symbol id="sm-8f7">
         <name>UtilsDelay</name>
         <value>0x2000eccf</value>
         <object_component_ref idref="oc-252"/>
      </symbol>
      <symbol id="sm-907">
         <name>FlashDisable</name>
         <value>0x2000e141</value>
         <object_component_ref idref="oc-621"/>
      </symbol>
      <symbol id="sm-910">
         <name>__aeabi_lmul</name>
         <value>0x2000ead1</value>
         <object_component_ref idref="oc-3f3"/>
      </symbol>
      <symbol id="sm-92b">
         <name>memcpy</name>
         <value>0x2000d2c5</value>
         <object_component_ref idref="oc-3b"/>
      </symbol>
      <symbol id="sm-92c">
         <name>__aeabi_memcpy</name>
         <value>0x2000d2c5</value>
         <object_component_ref idref="oc-3b"/>
      </symbol>
      <symbol id="sm-92d">
         <name>__aeabi_memcpy8</name>
         <value>0x2000d2c5</value>
         <object_component_ref idref="oc-3b"/>
      </symbol>
      <symbol id="sm-92e">
         <name>__aeabi_memcpy4</name>
         <value>0x2000d2c5</value>
         <object_component_ref idref="oc-3b"/>
      </symbol>
      <symbol id="sm-93b">
         <name>__aeabi_uldivmod</name>
         <value>0x2000d3f9</value>
         <object_component_ref idref="oc-45c"/>
      </symbol>
      <symbol id="sm-94f">
         <name>__TI_zero_init_nomemset</name>
         <value>0x2000ea31</value>
         <object_component_ref idref="oc-47"/>
      </symbol>
      <symbol id="sm-966">
         <name>__TI_decompress_none</name>
         <value>0x2000ec7d</value>
         <object_component_ref idref="oc-1a"/>
      </symbol>
      <symbol id="sm-989">
         <name>__TI_decompress_lzss</name>
         <value>0x2000db29</value>
         <object_component_ref idref="oc-14"/>
      </symbol>
      <symbol id="sm-a12">
         <name>_sys_memory</name>
         <value>0x20004040</value>
         <object_component_ref idref="oc-2a"/>
      </symbol>
      <symbol id="sm-a13">
         <name>free</name>
         <value>0x2000cd11</value>
         <object_component_ref idref="oc-354"/>
      </symbol>
      <symbol id="sm-a14">
         <name>memalign</name>
         <value>0x2000cb21</value>
         <object_component_ref idref="oc-576"/>
      </symbol>
      <symbol id="sm-a15">
         <name>malloc</name>
         <value>0x2000ecc1</value>
         <object_component_ref idref="oc-480"/>
      </symbol>
      <symbol id="sm-a16">
         <name>aligned_alloc</name>
         <value>0x2000cb21</value>
         <object_component_ref idref="oc-576"/>
      </symbol>
      <symbol id="sm-a28">
         <name>__stack</name>
         <value>0x20003000</value>
         <object_component_ref idref="oc-2d"/>
      </symbol>
      <symbol id="sm-a29">
         <name>_c_int00_noargs</name>
         <value>0x2000e991</value>
         <object_component_ref idref="oc-c5"/>
      </symbol>
      <symbol id="sm-a33">
         <name>__aeabi_idiv0</name>
         <value>0x2000eced</value>
         <object_component_ref idref="oc-525"/>
      </symbol>
      <symbol id="sm-a34">
         <name>__aeabi_ldiv0</name>
         <value>0x2000eced</value>
         <object_component_ref idref="oc-525"/>
      </symbol>
      <symbol id="sm-a5d">
         <name>__TI_auto_init_nobinit_nopinit</name>
         <value>0x2000e489</value>
         <object_component_ref idref="oc-176"/>
      </symbol>
      <symbol id="sm-a67">
         <name>_system_pre_init</name>
         <value>0x2000ece1</value>
         <object_component_ref idref="oc-119"/>
      </symbol>
      <symbol id="sm-a73">
         <name>C$$EXIT</name>
         <value>0x2000ece5</value>
         <object_component_ref idref="oc-16a"/>
      </symbol>
      <symbol id="sm-a74">
         <name>abort</name>
         <value>0x2000ece5</value>
         <object_component_ref idref="oc-16a"/>
      </symbol>
      <symbol id="sm-a89">
         <name>_nop</name>
         <value>0x2000ea9f</value>
         <object_component_ref idref="oc-2fd"/>
      </symbol>
      <symbol id="sm-a8a">
         <name>_lock</name>
         <value>0x2000f2e4</value>
         <object_component_ref idref="oc-1f8"/>
      </symbol>
      <symbol id="sm-a8b">
         <name>_unlock</name>
         <value>0x2000f2e8</value>
         <object_component_ref idref="oc-1f8"/>
      </symbol>
      <symbol id="sm-a8d">
         <name>__TI_static_base__</name>
         <value>0x2000f8f8</value>
      </symbol>
      <symbol id="sm-a90">
         <name>ITM_flush</name>
         <value>0x0</value>
      </symbol>
      <symbol id="sm-a91">
         <name>ITM_restore</name>
         <value>0x0</value>
      </symbol>
      <symbol id="sm-a92">
         <name>__mpu_init</name>
         <value>0x0</value>
      </symbol>
      <symbol id="sm-a93">
         <name>_system_post_cinit</name>
         <value>0x0</value>
      </symbol>
      <symbol id="sm-a94">
         <name>usleep</name>
         <value>0x2000e0f9</value>
      </symbol>
      <symbol id="sm-a95">
         <name>NoRTOS_start</name>
         <value>0x2000ec6f</value>
      </symbol>
   </symbol_table>
   <title>Link successful</title>
</link_info>
