******************************************************************************
                  TI ARM Linker PC v20.2.7                     
******************************************************************************
>> Linked Sat Mar 11 17:59:32 2023

OUTPUT FILE NAME:   <pwmled2_CC3220S_LAUNCHXL_nortos_ccs.out>
ENTRY POINT SYMBOL: "resetISR"  address: 2000ea95


MEMORY CONFIGURATION

         name            origin    length      used     unused   attr    fill
----------------------  --------  ---------  --------  --------  ----  --------
  SRAM2                 20000000   00004000  0000130c  00002cf4  RW X
  SRAM                  20004000   0003c000  0000b9e4  0003061c  RW X
  LOG_DATA              90000000   00040000  00000000  00040000  R   


SEGMENT ALLOCATION MAP

run origin  load origin   length   init length attrs members
----------  ----------- ---------- ----------- ----- -------
20003000    20003000    00001000   00000000    rw-
  20003000    20003000    00001000   00000000    rw- .stack
20004000    20004000    00000040   00000040    r--
  20004000    20004000    00000040   00000040    r-- .resetVecs
20004040    20004040    00008000   00000000    rw-
  20004040    20004040    00008000   00000000    rw- .sysmem
2000c040    2000c040    00002cc0   00002cc0    r-x
  2000c040    2000c040    00002cc0   00002cc0    r-x .text
2000ed00    2000ed00    0000061f   00000000    rw-
  2000ed00    2000ed00    0000061f   00000000    rw- .data
2000f320    2000f320    00000321   00000321    r--
  2000f320    2000f320    00000321   00000321    r-- .const
2000f648    2000f648    000002bc   00000000    rw-
  2000f648    2000f648    000002bc   00000000    rw- .bss
2000f908    2000f908    000000e8   000000e8    r--
  2000f908    2000f908    000000e8   000000e8    r-- .cinit


SECTION ALLOCATION MAP

 output                                  attributes/
section   page    origin      length       input sections
--------  ----  ----------  ----------   ----------------
.text      0    2000c040    00002cc0     
                  2000c040    0000042c     driverlib.a : prcm.obj (.text:PRCMCC3200MCUInit)
                  2000c46c    000001a0     nortos_cc32xx.a : PowerCC32XX_nortos.oem4 (.text:PowerCC32XX_sleepPolicy)
                  2000c60c    00000154     drivers_cc32xx.a : GPIOCC32XX.oem4 (.text:GPIO_setConfig)
                  2000c760    00000148                      : PowerCC32XX.oem4 (.text:parkPins)
                  2000c8a8    00000140                      : PWMTimerCC32XX.oem4 (.text:PWMTimerCC32XX_setDutyAndPeriod)
                  2000c9e8    00000138                      : PowerCC32XX.oem4 (.text:Power_sleep)
                  2000cb20    00000100     rtsv7M4_T_le_eabi.lib : memory.c.obj (.text:aligned_alloc)
                  2000cc20    000000f0     drivers_cc32xx.a : PWMTimerCC32XX.oem4 (.text:PWMTimerCC32XX_open)
                  2000cd10    000000e4     rtsv7M4_T_le_eabi.lib : memory.c.obj (.text:free)
                  2000cdf4    000000c4     drivers_cc32xx.a : PWMTimerCC32XX.oem4 (.text:PWMTimerCC32XX_stop)
                  2000ceb8    000000c0                      : PowerCC32XX.oem4 (.text:restoreParkedPins)
                  2000cf78    000000b8                      : PWMTimerCC32XX.oem4 (.text:PWMTimerCC32XX_setDuty)
                  2000d030    000000a8     driverlib.a : interrupt.obj (.text:IntEnable)
                  2000d0d8    000000a8     drivers_cc32xx.a : PowerCC32XX.oem4 (.text:PowerCC32XX_configureWakeup)
                  2000d180    000000a4                      : PWMTimerCC32XX.oem4 (.text:initHw)
                  2000d224    000000a0     nortos_cc32xx.a : SemaphoreP_nortos.oem4 (.text:SemaphoreP_pend)
                  2000d2c4    0000009c     rtsv7M4_T_le_eabi.lib : memcpy_t2.asm.obj (.text)
                  2000d360    00000098     drivers_cc32xx.a : PWMTimerCC32XX.oem4 (.text:PWMTimerCC32XX_setPeriod)
                  2000d3f8    00000096     rtsv7M4_T_le_eabi.lib : ull_div_t2.asm.obj (.text)
                  2000d48e    00000092     pwmled2.obj (.text:mainThread)
                  2000d520    00000090     drivers_cc32xx.a : GPIOCC32XX.oem4 (.text:GPIO_init)
                  2000d5b0    00000090                      : PowerCC32XX.oem4 (.text:restoreNVICRegs)
                  2000d640    0000008c     nortos_cc32xx.a : HwiPCC32XX_nortos.oem4 (.text:HwiP_construct)
                  2000d6cc    00000088     driverlib.a : interrupt.obj (.text:IntPendSet)
                  2000d754    00000088     drivers_cc32xx.a : PWMTimerCC32XX.oem4 (.text:PWMTimerCC32XX_close)
                  2000d7dc    00000088     driverlib.a : pin.obj (.text:PinConfigSet)
                  2000d864    00000084     drivers_cc32xx.a : PowerCC32XX.oem4 (.text:Power_init)
                  2000d8e8    00000084                      : PowerCC32XX.oem4 (.text:saveNVICRegs)
                  2000d96c    00000080                      : PowerCC32XX.oem4 (.text:Power_setDependency)
                  2000d9ec    00000074                      : GPIOCC32XX.oem4 (.text:powerNotifyFxn)
                  2000da60    00000070     rtsv7M4_T_le_eabi.lib : memory.c.obj (.text:split)
                  2000dad0    00000068     drivers_cc32xx.a : PWMTimerCC32XX.oem4 (.text:PWMTimerCC32XX_start)
                  2000db38    00000068     rtsv7M4_T_le_eabi.lib : copy_decompress_lzss.c.obj (.text:decompress:lzss:__TI_decompress_lzss)
                  2000dba0    00000064     drivers_cc32xx.a : GPIOCC32XX.oem4 (.text:GPIO_setInterruptConfig)
                  2000dc04    00000064                      : PowerCC32XX.oem4 (.text:PowerCC32XX_setParkState)
                  2000dc68    00000060                      : GPIOCC32XX.oem4 (.text:GPIO_hwiIntFxn)
                  2000dcc8    00000060     driverlib.a : prcm.obj (.text:PRCMSysResetCauseGet)
                  2000dd28    00000060     nortos_cc32xx.a : ClockPSysTick_nortos.oem4 (.text:getTimeUsec)
                  2000dd88    0000005c                     : ClockPSysTick_nortos.oem4 (.text:sysTickInit)
                  2000dde4    00000058     driverlib.a : prcm.obj (.text:PRCMPeripheralReset)
                  2000de3c    00000058     drivers_cc32xx.a : PowerCC32XX.oem4 (.text:Power_releaseDependency)
                  2000de94    00000052                      : PowerCC32XX_asm.oem4 (.text:PowerCC32XX_resumeLPDS)
                  2000dee6    00000002     ti_drivers_config.obj (.text:Board_initHook)
                  2000dee8    00000050     nortos_cc32xx.a : ClockPSysTick_nortos.oem4 (.text:ClockP_sysTickHandler)
                  2000df38    00000050                     : SemaphoreP_nortos.oem4 (.text:SemaphoreP_construct)
                  2000df88    00000050     drivers_cc32xx.a : TimerCC32XX.oem4 (.text:TimerCC32XX_allocateTimerResource)
                  2000dfd8    0000004c                      : PowerCC32XX.oem4 (.text:PowerCC32XX_parkPin)
                  2000e024    0000004c                      : PWMTimerCC32XX.oem4 (.text:getDutyCounts)
                  2000e070    0000004c                      : PWMTimerCC32XX.oem4 (.text:getPeriodCounts)
                  2000e0bc    0000004c                      : PowerCC32XX.oem4 (.text:restorePeriphClocks)
                  2000e108    00000048     nortos_cc32xx.a : ClockPSysTick_nortos.oem4 (.text:ClockP_usleep)
                  2000e150    00000048     driverlib.a : flash.obj (.text:FlashDisable)
                  2000e198    00000048     drivers_cc32xx.a : GPIOCC32XX.oem4 (.text:GPIO_disableInt)
                  2000e1e0    00000048                      : GPIOCC32XX.oem4 (.text:GPIO_enableInt)
                  2000e228    00000048     driverlib.a : prcm.obj (.text:PRCMLPDSEnter)
                  2000e270    00000048                 : prcm.obj (.text:PRCMPeripheralClkEnable)
                  2000e2b8    00000048     drivers_cc32xx.a : PowerCC32XX.oem4 (.text:Power_releaseConstraint)
                  2000e300    00000044     nortos_cc32xx.a : ClockPSysTick_nortos.oem4 (.text:ClockP_stop)
                  2000e344    00000044     driverlib.a : prcm.obj (.text:PRCMLPDSRestoreInfoSet)
                  2000e388    00000044     drivers_cc32xx.a : PWM.oem4 (.text:PWM_init)
                  2000e3cc    00000044                      : PowerCC32XX_asm.oem4 (.text:PowerCC32XX_enterLPDS)
                  2000e410    00000044     nortos_cc32xx.a : SemaphoreP_nortos.oem4 (.text:SemaphoreP_post)
                  2000e454    00000044                     : SwiP_nortos.oem4 (.text:SwiP_restore)
                  2000e498    00000044     rtsv7M4_T_le_eabi.lib : autoinit.c.obj (.text:__TI_auto_init_nobinit_nopinit:__TI_auto_init_nobinit_nopinit)
                  2000e4dc    00000040     drivers_cc32xx.a : PWM.oem4 (.text:PWM_open)
                  2000e51c    00000040     driverlib.a : pin.obj (.text:PinModeSet)
                  2000e55c    0000003c     nortos_cc32xx.a : ClockPSysTick_nortos.oem4 (.text:ClockP_destruct)
                  2000e598    0000003c     drivers_cc32xx.a : PowerCC32XX.oem4 (.text:Power_setConstraint)
                  2000e5d4    0000003a     nortos_cc32xx.a : PowerCC32XX_nortos.oem4 (.text:getCountsRTC)
                  2000e60e    0000003a     drivers_cc32xx.a : PWMTimerCC32XX.oem4 (.text:getPowerMgrId)
                  2000e648    00000038     driverlib.a : prcm.obj (.text:PRCMLPDSEnterKeepDebugIf)
                  2000e680    00000038     nortos_cc32xx.a : ClockPSysTick_nortos.oem4 (.text:addToList)
                  2000e6b8    00000038                     : startup_cc32xx_ccs.oem4 (.text:initVectors)
                  2000e6f0    00000038     drivers_cc32xx.a : PowerCC32XX.oem4 (.text:notify)
                  2000e728    00000034     nortos_cc32xx.a : ClockPSysTick_nortos.oem4 (.text:ClockP_getTicksUntilInterrupt)
                  2000e75c    00000034                     : ClockPSysTick_nortos.oem4 (.text:ClockP_startup)
                  2000e790    00000034     driverlib.a : pin.obj (.text:PinModeGet)
                  2000e7c4    00000034     drivers_cc32xx.a : TimerCC32XX.oem4 (.text:TimerCC32XX_freeTimerResource)
                  2000e7f8    00000034                      : TimerCC32XX.oem4 (.text:getPowerMgrId)
                  2000e82c    00000030     nortos_cc32xx.a : ClockPSysTick_nortos.oem4 (.text:ClockP_start)
                  2000e85c    00000030     drivers_cc32xx.a : PowerCC32XX.oem4 (.text:PowerCC32XX_restoreParkedPin)
                  2000e88c    0000002a     nortos_cc32xx.a : HwiPCC32XX_nortos.oem4 (.text:HwiP_create)
                  2000e8b6    00000002     drivers_cc32xx.a : PWMTimerCC32XX.oem4 (.text:PWMTimerCC32XX_init)
                  2000e8b8    00000028     driverlib.a : prcm.obj (.text:PRCMPeripheralClkDisable)
                  2000e8e0    00000028     drivers_cc32xx.a : PowerCC32XX.oem4 (.text:Power_registerNotify)
                  2000e908    00000028     rtsv7M4_T_le_eabi.lib : memory.c.obj (.text:free_list_insert)
                  2000e930    00000026     drivers_cc32xx.a : List.oem4 (.text:List_put)
                  2000e956    00000026                      : List.oem4 (.text:List_remove)
                  2000e97c    00000024     nortos_cc32xx.a : HwiPCC32XX_nortos.oem4 (.text:HwiP_dispatch)
                  2000e9a0    00000024     rtsv7M4_T_le_eabi.lib : boot_cortex_m.c.obj (.text:_c_int00_noargs:_c_int00_noargs)
                  2000e9c4    00000024     nortos_cc32xx.a : ClockPSysTick_nortos.oem4 (.text:sleepTicks)
                  2000e9e8    00000020     drivers_cc32xx.a : PowerCC32XX.oem4 (.text:Power_unregisterNotify)
                  2000ea08    0000001c     driverlib.a : pin.obj (.text:PinToPadGet)
                  2000ea24    0000001c     nortos_cc32xx.a : SwiP_nortos.oem4 (.text:SwiP_disable)
                  2000ea40    0000001c     rtsv7M4_T_le_eabi.lib : copy_zero_init.c.obj (.text:decompress:ZI:__TI_zero_init_nomemset:__TI_zero_init_nomemset)
                  2000ea5c    0000001c                           : memory.c.obj (.text:free_list_remove)
                  2000ea78    0000001a     nortos_cc32xx.a : SemaphoreP_nortos.oem4 (.text:SemaphoreP_createBinary)
                  2000ea92    00000002                     : PowerCC32XX_nortos.oem4 (.text:PowerCC32XX_initPolicy)
                  2000ea94    0000001a                     : startup_cc32xx_ccs.oem4 (.text:resetISR)
                  2000eaae    00000002                     : SemaphoreP_nortos.oem4 (.text:SemaphoreP_destruct)
                  2000eab0    00000018     drivers_cc32xx.a : PowerCC32XX.oem4 (.text:Power_getTransitionLatency)
                  2000eac8    00000018                      : PowerCC32XX.oem4 (.text:Power_idleFunc)
                  2000eae0    00000018     rtsv7M4_T_le_eabi.lib : ll_mul_t2.asm.obj (.text)
                  2000eaf8    00000016     driverlib.a : prcm.obj (.text:PRCMHIBRegRead)
                  2000eb0e    00000016                 : prcm.obj (.text:PRCMHIBRegWrite)
                  2000eb24    00000016     nortos_cc32xx.a : SemaphoreP_nortos.oem4 (.text:SemaphoreP_create)
                  2000eb3a    00000014     ti_drivers_config.obj (.text:Board_init)
                  2000eb4e    00000014     driverlib.a : cpu.obj (.text:CPUcpsid)
                  2000eb62    00000002     rtsv7M4_T_le_eabi.lib : _lock.c.obj (.text:_nop)
                  2000eb64    00000014     nortos_cc32xx.a : HwiPCC32XX_nortos.oem4 (.text:HwiP_inISR)
                  2000eb78    00000014     driverlib.a : interrupt.obj (.text:IntVTableBaseSet)
                  2000eb8c    00000014     drivers_cc32xx.a : PWM.oem4 (.text:PWM_Params_init)
                  2000eba0    00000014                      : PowerCC32XX.oem4 (.text:Power_disablePolicy)
                  2000ebb4    00000014                      : PowerCC32XX.oem4 (.text:Power_getDependencyCount)
                  2000ebc8    00000012     nortos_cc32xx.a : HwiPCC32XX_nortos.oem4 (.text:HwiP_Params_init)
                  2000ebda    00000012     main_nortos.obj (.text:main)
                  2000ebec    00000012     drivers_cc32xx.a : PWMTimerCC32XX.oem4 (.text:postNotifyFxn)
                  2000ebfe    00000010     nortos_cc32xx.a : ClockPSysTick_nortos.oem4 (.text:ClockP_add)
                  2000ec0e    00000002                     : startup_cc32xx_ccs.oem4 (.text:busFaultHandler)
                  2000ec10    00000010                     : ClockPSysTick_nortos.oem4 (.text:ClockP_getCpuFreq)
                  2000ec20    00000010                     : ClockPSysTick_nortos.oem4 (.text:ClockP_getSystemTicks)
                  2000ec30    00000010                     : ClockPSysTick_nortos.oem4 (.text:ClockP_setTicks)
                  2000ec40    00000010                     : HwiPCC32XX_nortos.oem4 (.text:HwiP_restore)
                  2000ec50    00000010     drivers_cc32xx.a : PowerCC32XX.oem4 (.text:Power_enablePolicy)
                  2000ec60    00000010     nortos_cc32xx.a : SemaphoreP_nortos.oem4 (.text:SemaphoreP_Params_init)
                  2000ec70    0000000e                     : HwiPCC32XX_nortos.oem4 (.text:HwiP_disable)
                  2000ec7e    0000000e                     : HwiPCC32XX_nortos.oem4 (.text:HwiP_enable)
                  2000ec8c    0000000e     rtsv7M4_T_le_eabi.lib : copy_decompress_none.c.obj (.text:decompress:none:__TI_decompress_none)
                  2000ec9a    00000002     nortos_cc32xx.a : SemaphoreP_nortos.oem4 (.text:clkFxn)
                  2000ec9c    0000000c     drivers_cc32xx.a : PowerCC32XX.oem4 (.text:Power_getConstraintMask)
                  2000eca8    0000000a     nortos_cc32xx.a : ClockPSysTick_nortos.oem4 (.text:ClockP_isActive)
                  2000ecb2    0000000a     driverlib.a : interrupt.obj (.text:IntMasterDisable)
                  2000ecbc    0000000a     drivers_cc32xx.a : PWM.oem4 (.text:PWM_setDuty)
                  2000ecc6    0000000a                      : PWM.oem4 (.text:PWM_start)
                  2000ecd0    00000008     rtsv7M4_T_le_eabi.lib : memory.c.obj (.text:malloc)
                  2000ecd8    00000006     drivers_cc32xx.a : PWMTimerCC32XX.oem4 (.text:PWMTimerCC32XX_control)
                  2000ecde    00000006     driverlib.a : utils.obj (.text:UtilsDelay)
                  2000ece4    00000004     nortos_cc32xx.a : ClockPSysTick_nortos.oem4 (.text:ClockP_doTick)
                  2000ece8    00000004                     : HwiPCC32XX_nortos.oem4 (.text:HwiP_post)
                  2000ecec    00000004                     : SemaphoreP_nortos.oem4 (.text:SemaphoreP_delete)
                  2000ecf0    00000004     rtsv7M4_T_le_eabi.lib : pre_init.c.obj (.text:_system_pre_init)
                  2000ecf4    00000004                           : exit.c.obj (.text:abort:abort)
                  2000ecf8    00000002     nortos_cc32xx.a : startup_cc32xx_ccs.oem4 (.text:defaultHandler)
                  2000ecfa    00000002                     : startup_cc32xx_ccs.oem4 (.text:faultISR)
                  2000ecfc    00000002                     : startup_cc32xx_ccs.oem4 (.text:nmiISR)
                  2000ecfe    00000002     rtsv7M4_T_le_eabi.lib : div0.asm.obj (.text)

.const     0    2000f320    00000321     
                  2000f320    00000100     driverlib.a : pin.obj (.const:g_ulPinToPadMap)
                  2000f420    000000a8                 : prcm.obj (.const:PRCM_PeriphRegsList)
                  2000f4c8    00000044     ti_drivers_config.obj (.const:PowerCC32XX_config)
                  2000f50c    00000028     drivers_cc32xx.a : GPIOCC32XX.oem4 (.const:portConfigs)
                  2000f534    00000024                      : PWMTimerCC32XX.oem4 (.const:PWMTimerCC32XX_fxnTable)
                  2000f558    00000021                      : GPIOCC32XX.oem4 (.const:.string:pinTable)
                  2000f579    00000003     --HOLE-- [fill = 0]
                  2000f57c    00000020                      : PWMTimerCC32XX.oem4 (.const:gpioPinIndexes)
                  2000f59c    00000018     ti_drivers_config.obj (.const:PWM_config)
                  2000f5b4    00000018     drivers_cc32xx.a : PWM.oem4 (.const:PWM_defaultParams)
                  2000f5cc    00000018     driverlib.a : interrupt.obj (.const:g_pulEnRegs)
                  2000f5e4    00000018                 : interrupt.obj (.const:g_pulPendRegs)
                  2000f5fc    00000010     ti_drivers_config.obj (.const:GPIO_config)
                  2000f60c    00000010     drivers_cc32xx.a : PWMTimerCC32XX.oem4 (.const:gpioBaseAddresses)
                  2000f61c    00000010                      : PWMTimerCC32XX.oem4 (.const:timerBaseAddresses)
                  2000f62c    00000008     ti_drivers_config.obj (.const:pwmTimerCC32XXHWAttrs)
                  2000f634    00000008     drivers_cc32xx.a : PWMTimerCC32XX.oem4 (.const:timerHalves)
                  2000f63c    00000005     ti_drivers_config.obj (.const)

.cinit     0    2000f908    000000e8     
                  2000f908    000000c1     (.cinit..data.load) [load image, compression = lzss]
                  2000f9c9    00000003     --HOLE-- [fill = 0]
                  2000f9cc    0000000c     (__TI_handler_table)
                  2000f9d8    00000008     (.cinit..bss.load) [load image, compression = zero_init]
                  2000f9e0    00000010     (__TI_cinit_table)

.init_array 
*          0    20004000    00000000     UNINITIALIZED

.ramVecs   0    20000000    0000030c     NOLOAD SECTION
                  20000000    0000030c     nortos_cc32xx.a : startup_cc32xx_ccs.oem4 (.ramVecs)

.stack     0    20003000    00001000     UNINITIALIZED
                  20003000    00000004     rtsv7M4_T_le_eabi.lib : boot_cortex_m.c.obj (.stack)
                  20003004    00000ffc     --HOLE--

.resetVecs 
*          0    20004000    00000040     
                  20004000    00000040     nortos_cc32xx.a : startup_cc32xx_ccs.oem4 (.resetVecs:retain)

.sysmem    0    20004040    00008000     UNINITIALIZED
                  20004040    00000010     rtsv7M4_T_le_eabi.lib : memory.c.obj (.sysmem)
                  20004050    00007ff0     --HOLE--

.data      0    2000ed00    0000061f     UNINITIALIZED
                  2000ed00    0000030c     nortos_cc32xx.a : HwiPCC32XX_nortos.oem4 (.data:HwiP_dispatchTable)
                  2000f00c    0000016c     drivers_cc32xx.a : PowerCC32XX.oem4 (.data:PowerCC32XX_module)
                  2000f178    000000f8     ti_drivers_config.obj (.data:parkInfo)
                  2000f270    00000084     ti_drivers_config.obj (.data:gpioPinConfigs)
                  2000f2f4    00000008     rtsv7M4_T_le_eabi.lib : _lock.c.obj (.data:$O1$$)
                  2000f2fc    00000008                           : memory.c.obj (.data:$O1$$)
                  2000f304    00000008     nortos_cc32xx.a : SemaphoreP_nortos.oem4 (.data:SemaphoreP_defaultParams)
                  2000f30c    00000008                     : HwiPCC32XX_nortos.oem4 (.data)
                  2000f314    00000005                     : ClockPSysTick_nortos.oem4 (.data)
                  2000f319    00000003                     : SemaphoreP_nortos.oem4 (.data)
                  2000f31c    00000002     drivers_cc32xx.a : GPIOCC32XX.oem4 (.data)
                  2000f31e    00000001                      : PWM.oem4 (.data)

.bss       0    2000f648    000002bc     UNINITIALIZED
                  2000f648    0000012c     (.common:PowerCC32XX_contextSave)
                  2000f774    00000084     (.common:gpioCallbackFunctions)
                  2000f7f8    00000084     (.common:gpioUserArgs)
                  2000f87c    00000048     (.common:pwmTimerCC32XXObjects)
                  2000f8c4    00000014     drivers_cc32xx.a : GPIOCC32XX.oem4 (.bss:powerNotifyObj)
                  2000f8d8    00000010     (.common:ClockP_ctrl)
                  2000f8e8    0000000d     nortos_cc32xx.a : SwiP_nortos.oem4 (.bss)
                  2000f8f5    00000003     --HOLE--
                  2000f8f8    00000004     drivers_cc32xx.a : GPIOCC32XX.oem4 (.bss)
                  2000f8fc    00000004     nortos_cc32xx.a : ClockPSysTick_nortos.oem4 (.bss)
                  2000f900    00000004     drivers_cc32xx.a : TimerCC32XX.oem4 (.bss:timerState)

.log_data 
*          0    90000000    00000000     COPY SECTION

__llvm_prf_cnts 
*          0    20004000    00000000     UNINITIALIZED

MODULE SUMMARY

       Module                       code    ro data   rw data
       ------                       ----    -------   -------
    .\
       pwmled2.obj                  146     0         0      
       main_nortos.obj              18      0         0      
    +--+----------------------------+-------+---------+---------+
       Total:                       164     0         0      
                                                             
    .\syscfg\
       ti_drivers_config.obj        22      121       716    
    +--+----------------------------+-------+---------+---------+
       Total:                       22      121       716    
                                                             
    C:/ti/simplelink_cc32xx_sdk_6_10_00_05/kernel/nortos/lib/ccs/m4/nortos_cc32xx.a
       HwiPCC32XX_nortos.oem4       304     0         788    
       startup_cc32xx_ccs.oem4      90      64        780    
       ClockPSysTick_nortos.oem4    790     0         25     
       PowerCC32XX_nortos.oem4      476     0         0      
       SemaphoreP_nortos.oem4       380     0         11     
       SwiP_nortos.oem4             96      0         13     
    +--+----------------------------+-------+---------+---------+
       Total:                       2136    64        1617   
                                                             
    C:/ti/simplelink_cc32xx_sdk_6_10_00_05/source/ti/devices/cc32xx/driverlib/ccs/Release/driverlib.a
       prcm.obj                     1604    168       0      
       pin.obj                      280     256       0      
       interrupt.obj                334     48        0      
       flash.obj                    72      0         0      
       cpu.obj                      20      0         0      
       utils.obj                    6       0         0      
    +--+----------------------------+-------+---------+---------+
       Total:                       2316    472       0      
                                                             
    C:/ti/simplelink_cc32xx_sdk_6_10_00_05/source/ti/drivers/lib/ccs/m4/drivers_cc32xx.a
       PowerCC32XX.oem4             2300    0         664    
       PWMTimerCC32XX.oem4          1732    108       0      
       GPIOCC32XX.oem4              940     73        26     
       PWM.oem4                     172     24        1      
       TimerCC32XX.oem4             184     0         4      
       PowerCC32XX_asm.oem4         150     0         0      
       List.oem4                    76      0         0      
    +--+----------------------------+-------+---------+---------+
       Total:                       5554    205       695    
                                                             
    C:\ti\ccs1220\ccs\tools\compiler\ti-cgt-arm_20.2.7.LTS\lib\rtsv7M4_T_le_eabi.lib
       memory.c.obj                 672     0         8      
       memcpy_t2.asm.obj            156     0         0      
       ull_div_t2.asm.obj           150     0         0      
       copy_decompress_lzss.c.obj   104     0         0      
       autoinit.c.obj               68      0         0      
       boot_cortex_m.c.obj          36      0         0      
       copy_zero_init.c.obj         28      0         0      
       ll_mul_t2.asm.obj            24      0         0      
       copy_decompress_none.c.obj   14      0         0      
       _lock.c.obj                  2       0         8      
       exit.c.obj                   4       0         0      
       pre_init.c.obj               4       0         0      
       div0.asm.obj                 2       0         0      
    +--+----------------------------+-------+---------+---------+
       Total:                       1264    0         16     
                                                             
       Heap:                        0       0         32768  
       Stack:                       0       0         4096   
       Linker Generated:            0       229       0      
    +--+----------------------------+-------+---------+---------+
       Grand Total:                 11456   1091      39908  


LINKER GENERATED COPY TABLES

__TI_cinit_table @ 2000f9e0 records: 2, size/record: 8, table size: 16
	.data: load addr=2000f908, load size=000000c1 bytes, run addr=2000ed00, run size=0000061f bytes, compression=lzss
	.bss: load addr=2000f9d8, load size=00000008 bytes, run addr=2000f648, run size=000002bc bytes, compression=zero_init


LINKER GENERATED HANDLER TABLE

__TI_handler_table @ 2000f9cc records: 3, size/record: 4, table size: 12
	index: 0, handler: __TI_decompress_lzss
	index: 1, handler: __TI_decompress_none
	index: 2, handler: __TI_zero_init


GLOBAL SYMBOLS: SORTED ALPHABETICALLY BY Name 

address   name                             
-------   ----                             
2000eb3b  Board_init                       
2000dee7  Board_initHook                   
2000ecf5  C$$EXIT                          
2000f63e  CONFIG_PWM_0_CONST               
2000f63f  CONFIG_PWM_1_CONST               
2000eb4f  CPUcpsid                         
2000ebff  ClockP_add                       
2000f8d8  ClockP_ctrl                      
2000e55d  ClockP_destruct                  
2000ece5  ClockP_doTick                    
2000ec11  ClockP_getCpuFreq                
2000ec21  ClockP_getSystemTicks            
2000e729  ClockP_getTicksUntilInterrupt    
2000eca9  ClockP_isActive                  
2000ec31  ClockP_setTicks                  
2000e82d  ClockP_start                     
2000e75d  ClockP_startup                   
2000e301  ClockP_stop                      
2000dee9  ClockP_sysTickHandler            
2000f314  ClockP_tickPeriod                
2000e109  ClockP_usleep                    
2000e151  FlashDisable                     
2000f5fc  GPIO_config                      
2000e199  GPIO_disableInt                  
2000e1e1  GPIO_enableInt                   
2000dc69  GPIO_hwiIntFxn                   
2000d521  GPIO_init                        
2000f63c  GPIO_pinLowerBound               
2000f63d  GPIO_pinUpperBound               
2000c60d  GPIO_setConfig                   
2000dba1  GPIO_setInterruptConfig          
2000ebc9  HwiP_Params_init                 
2000d641  HwiP_construct                   
2000e88d  HwiP_create                      
2000ec71  HwiP_disable                     
2000e97d  HwiP_dispatch                    
2000ec7f  HwiP_enable                      
2000eb65  HwiP_inISR                       
2000f30c  HwiP_key                         
2000ece9  HwiP_post                        
2000ec41  HwiP_restore                     
2000f310  HwiP_swiPIntNum                  
UNDEFED   ITM_flush                        
UNDEFED   ITM_restore                      
2000d031  IntEnable                        
2000ecb3  IntMasterDisable                 
2000d6cd  IntPendSet                       
2000eb79  IntVTableBaseSet                 
2000e931  List_put                         
2000e957  List_remove                      
2000ec7f  NoRTOS_start                     
2000c041  PRCMCC3200MCUInit                
2000eaf9  PRCMHIBRegRead                   
2000eb0f  PRCMHIBRegWrite                  
2000e229  PRCMLPDSEnter                    
2000e649  PRCMLPDSEnterKeepDebugIf         
2000e345  PRCMLPDSRestoreInfoSet           
2000e8b9  PRCMPeripheralClkDisable         
2000e271  PRCMPeripheralClkEnable          
2000dde5  PRCMPeripheralReset              
2000dcc9  PRCMSysResetCauseGet             
2000d755  PWMTimerCC32XX_close             
2000ecd9  PWMTimerCC32XX_control           
2000f534  PWMTimerCC32XX_fxnTable          
2000e8b7  PWMTimerCC32XX_init              
2000cc21  PWMTimerCC32XX_open              
2000cf79  PWMTimerCC32XX_setDuty           
2000c8a9  PWMTimerCC32XX_setDutyAndPeriod  
2000d361  PWMTimerCC32XX_setPeriod         
2000dad1  PWMTimerCC32XX_start             
2000cdf5  PWMTimerCC32XX_stop              
2000eb8d  PWM_Params_init                  
2000f59c  PWM_config                       
2000f640  PWM_count                        
2000f5b4  PWM_defaultParams                
2000e389  PWM_init                         
2000e4dd  PWM_open                         
2000ecbd  PWM_setDuty                      
2000ecc7  PWM_start                        
2000d7dd  PinConfigSet                     
2000e791  PinModeGet                       
2000e51d  PinModeSet                       
2000ea09  PinToPadGet                      
2000f4c8  PowerCC32XX_config               
2000d0d9  PowerCC32XX_configureWakeup      
2000f648  PowerCC32XX_contextSave          
2000e3cd  PowerCC32XX_enterLPDS            
2000ea93  PowerCC32XX_initPolicy           
2000f00c  PowerCC32XX_module               
2000dfd9  PowerCC32XX_parkPin              
2000e85d  PowerCC32XX_restoreParkedPin     
2000de95  PowerCC32XX_resumeLPDS           
2000dc05  PowerCC32XX_setParkState         
2000c46d  PowerCC32XX_sleepPolicy          
2000eba1  Power_disablePolicy              
2000ec51  Power_enablePolicy               
2000ec9d  Power_getConstraintMask          
2000ebb5  Power_getDependencyCount         
2000eab1  Power_getTransitionLatency       
2000eac9  Power_idleFunc                   
2000d865  Power_init                       
2000e8e1  Power_registerNotify             
2000e2b9  Power_releaseConstraint          
2000de3d  Power_releaseDependency          
2000e599  Power_setConstraint              
2000d96d  Power_setDependency              
2000c9e9  Power_sleep                      
2000e9e9  Power_unregisterNotify           
2000ec61  SemaphoreP_Params_init           
2000df39  SemaphoreP_construct             
2000eb25  SemaphoreP_create                
2000ea79  SemaphoreP_createBinary          
2000f304  SemaphoreP_defaultParams         
2000eced  SemaphoreP_delete                
2000eaaf  SemaphoreP_destruct              
2000d225  SemaphoreP_pend                  
2000e411  SemaphoreP_post                  
2000ea25  SwiP_disable                     
2000e455  SwiP_restore                     
2000df89  TimerCC32XX_allocateTimerResource
2000e7c5  TimerCC32XX_freeTimerResource    
2000ecdf  UtilsDelay                       
20004000  __STACK_END                      
00001000  __STACK_SIZE                     
00008000  __SYSMEM_SIZE                    
2000f9e0  __TI_CINIT_Base                  
2000f9f0  __TI_CINIT_Limit                 
2000f9cc  __TI_Handler_Table_Base          
2000f9d8  __TI_Handler_Table_Limit         
2000e499  __TI_auto_init_nobinit_nopinit   
2000db39  __TI_decompress_lzss             
2000ec8d  __TI_decompress_none             
ffffffff  __TI_pprof_out_hndl              
ffffffff  __TI_prof_data_size              
ffffffff  __TI_prof_data_start             
2000f908  __TI_static_base__               
2000ea41  __TI_zero_init_nomemset          
2000ecff  __aeabi_idiv0                    
2000ecff  __aeabi_ldiv0                    
2000eae1  __aeabi_lmul                     
2000d2c5  __aeabi_memcpy                   
2000d2c5  __aeabi_memcpy4                  
2000d2c5  __aeabi_memcpy8                  
2000d3f9  __aeabi_uldivmod                 
ffffffff  __binit__                        
ffffffff  __c_args__                       
UNDEFED   __mpu_init                       
20003000  __stack                          
20004000  __start___llvm_prf_cnts          
20004000  __stop___llvm_prf_cnts           
2000e9a1  _c_int00_noargs                  
2000f2f4  _lock                            
2000eb63  _nop                             
20004040  _sys_memory                      
UNDEFED   _system_post_cinit               
2000ecf1  _system_pre_init                 
2000f2f8  _unlock                          
2000ecf5  abort                            
2000cb21  aligned_alloc                    
ffffffff  binit                            
2000ec9b  clkFxn                           
2000cd11  free                             
2000f774  gpioCallbackFunctions            
2000f270  gpioPinConfigs                   
2000f7f8  gpioUserArgs                     
2000e6b9  initVectors                      
2000ebdb  main                             
2000d48f  mainThread                       
2000ecd1  malloc                           
2000cb21  memalign                         
2000d2c5  memcpy                           
2000f178  parkInfo                         
2000f62c  pwmTimerCC32XXHWAttrs            
2000f87c  pwmTimerCC32XXObjects            
2000ea95  resetISR                         
2000eaa8  resetVectorAddr                  
20004000  resetVectors                     
2000e109  usleep                           


GLOBAL SYMBOLS: SORTED BY Symbol Address 

address   name                             
-------   ----                             
00001000  __STACK_SIZE                     
00008000  __SYSMEM_SIZE                    
20003000  __stack                          
20004000  __STACK_END                      
20004000  __start___llvm_prf_cnts          
20004000  __stop___llvm_prf_cnts           
20004000  resetVectors                     
20004040  _sys_memory                      
2000c041  PRCMCC3200MCUInit                
2000c46d  PowerCC32XX_sleepPolicy          
2000c60d  GPIO_setConfig                   
2000c8a9  PWMTimerCC32XX_setDutyAndPeriod  
2000c9e9  Power_sleep                      
2000cb21  aligned_alloc                    
2000cb21  memalign                         
2000cc21  PWMTimerCC32XX_open              
2000cd11  free                             
2000cdf5  PWMTimerCC32XX_stop              
2000cf79  PWMTimerCC32XX_setDuty           
2000d031  IntEnable                        
2000d0d9  PowerCC32XX_configureWakeup      
2000d225  SemaphoreP_pend                  
2000d2c5  __aeabi_memcpy                   
2000d2c5  __aeabi_memcpy4                  
2000d2c5  __aeabi_memcpy8                  
2000d2c5  memcpy                           
2000d361  PWMTimerCC32XX_setPeriod         
2000d3f9  __aeabi_uldivmod                 
2000d48f  mainThread                       
2000d521  GPIO_init                        
2000d641  HwiP_construct                   
2000d6cd  IntPendSet                       
2000d755  PWMTimerCC32XX_close             
2000d7dd  PinConfigSet                     
2000d865  Power_init                       
2000d96d  Power_setDependency              
2000dad1  PWMTimerCC32XX_start             
2000db39  __TI_decompress_lzss             
2000dba1  GPIO_setInterruptConfig          
2000dc05  PowerCC32XX_setParkState         
2000dc69  GPIO_hwiIntFxn                   
2000dcc9  PRCMSysResetCauseGet             
2000dde5  PRCMPeripheralReset              
2000de3d  Power_releaseDependency          
2000de95  PowerCC32XX_resumeLPDS           
2000dee7  Board_initHook                   
2000dee9  ClockP_sysTickHandler            
2000df39  SemaphoreP_construct             
2000df89  TimerCC32XX_allocateTimerResource
2000dfd9  PowerCC32XX_parkPin              
2000e109  ClockP_usleep                    
2000e109  usleep                           
2000e151  FlashDisable                     
2000e199  GPIO_disableInt                  
2000e1e1  GPIO_enableInt                   
2000e229  PRCMLPDSEnter                    
2000e271  PRCMPeripheralClkEnable          
2000e2b9  Power_releaseConstraint          
2000e301  ClockP_stop                      
2000e345  PRCMLPDSRestoreInfoSet           
2000e389  PWM_init                         
2000e3cd  PowerCC32XX_enterLPDS            
2000e411  SemaphoreP_post                  
2000e455  SwiP_restore                     
2000e499  __TI_auto_init_nobinit_nopinit   
2000e4dd  PWM_open                         
2000e51d  PinModeSet                       
2000e55d  ClockP_destruct                  
2000e599  Power_setConstraint              
2000e649  PRCMLPDSEnterKeepDebugIf         
2000e6b9  initVectors                      
2000e729  ClockP_getTicksUntilInterrupt    
2000e75d  ClockP_startup                   
2000e791  PinModeGet                       
2000e7c5  TimerCC32XX_freeTimerResource    
2000e82d  ClockP_start                     
2000e85d  PowerCC32XX_restoreParkedPin     
2000e88d  HwiP_create                      
2000e8b7  PWMTimerCC32XX_init              
2000e8b9  PRCMPeripheralClkDisable         
2000e8e1  Power_registerNotify             
2000e931  List_put                         
2000e957  List_remove                      
2000e97d  HwiP_dispatch                    
2000e9a1  _c_int00_noargs                  
2000e9e9  Power_unregisterNotify           
2000ea09  PinToPadGet                      
2000ea25  SwiP_disable                     
2000ea41  __TI_zero_init_nomemset          
2000ea79  SemaphoreP_createBinary          
2000ea93  PowerCC32XX_initPolicy           
2000ea95  resetISR                         
2000eaa8  resetVectorAddr                  
2000eaaf  SemaphoreP_destruct              
2000eab1  Power_getTransitionLatency       
2000eac9  Power_idleFunc                   
2000eae1  __aeabi_lmul                     
2000eaf9  PRCMHIBRegRead                   
2000eb0f  PRCMHIBRegWrite                  
2000eb25  SemaphoreP_create                
2000eb3b  Board_init                       
2000eb4f  CPUcpsid                         
2000eb63  _nop                             
2000eb65  HwiP_inISR                       
2000eb79  IntVTableBaseSet                 
2000eb8d  PWM_Params_init                  
2000eba1  Power_disablePolicy              
2000ebb5  Power_getDependencyCount         
2000ebc9  HwiP_Params_init                 
2000ebdb  main                             
2000ebff  ClockP_add                       
2000ec11  ClockP_getCpuFreq                
2000ec21  ClockP_getSystemTicks            
2000ec31  ClockP_setTicks                  
2000ec41  HwiP_restore                     
2000ec51  Power_enablePolicy               
2000ec61  SemaphoreP_Params_init           
2000ec71  HwiP_disable                     
2000ec7f  HwiP_enable                      
2000ec7f  NoRTOS_start                     
2000ec8d  __TI_decompress_none             
2000ec9b  clkFxn                           
2000ec9d  Power_getConstraintMask          
2000eca9  ClockP_isActive                  
2000ecb3  IntMasterDisable                 
2000ecbd  PWM_setDuty                      
2000ecc7  PWM_start                        
2000ecd1  malloc                           
2000ecd9  PWMTimerCC32XX_control           
2000ecdf  UtilsDelay                       
2000ece5  ClockP_doTick                    
2000ece9  HwiP_post                        
2000eced  SemaphoreP_delete                
2000ecf1  _system_pre_init                 
2000ecf5  C$$EXIT                          
2000ecf5  abort                            
2000ecff  __aeabi_idiv0                    
2000ecff  __aeabi_ldiv0                    
2000f00c  PowerCC32XX_module               
2000f178  parkInfo                         
2000f270  gpioPinConfigs                   
2000f2f4  _lock                            
2000f2f8  _unlock                          
2000f304  SemaphoreP_defaultParams         
2000f30c  HwiP_key                         
2000f310  HwiP_swiPIntNum                  
2000f314  ClockP_tickPeriod                
2000f4c8  PowerCC32XX_config               
2000f534  PWMTimerCC32XX_fxnTable          
2000f59c  PWM_config                       
2000f5b4  PWM_defaultParams                
2000f5fc  GPIO_config                      
2000f62c  pwmTimerCC32XXHWAttrs            
2000f63c  GPIO_pinLowerBound               
2000f63d  GPIO_pinUpperBound               
2000f63e  CONFIG_PWM_0_CONST               
2000f63f  CONFIG_PWM_1_CONST               
2000f640  PWM_count                        
2000f648  PowerCC32XX_contextSave          
2000f774  gpioCallbackFunctions            
2000f7f8  gpioUserArgs                     
2000f87c  pwmTimerCC32XXObjects            
2000f8d8  ClockP_ctrl                      
2000f908  __TI_static_base__               
2000f9cc  __TI_Handler_Table_Base          
2000f9d8  __TI_Handler_Table_Limit         
2000f9e0  __TI_CINIT_Base                  
2000f9f0  __TI_CINIT_Limit                 
ffffffff  __TI_pprof_out_hndl              
ffffffff  __TI_prof_data_size              
ffffffff  __TI_prof_data_start             
ffffffff  __binit__                        
ffffffff  __c_args__                       
ffffffff  binit                            
UNDEFED   ITM_flush                        
UNDEFED   ITM_restore                      
UNDEFED   __mpu_init                       
UNDEFED   _system_post_cinit               

[178 symbols]
